

================================================================
== Vivado HLS Report for 'icdf'
================================================================
* Date:           Wed Jan 20 10:49:45 2021

* Version:        2019.2 (Build 2704478 on Wed Nov 06 22:10:23 MST 2019)
* Project:        icdf_hls
* Solution:       solution1
* Product family: zynq
* Target device:  xc7z020-clg484-1


================================================================
== Performance Estimates
================================================================
+ Timing: 
    * Summary: 
    +--------+----------+----------+------------+
    |  Clock |  Target  | Estimated| Uncertainty|
    +--------+----------+----------+------------+
    |ap_clk  | 10.00 ns | 7.851 ns |   1.25 ns  |
    +--------+----------+----------+------------+

+ Latency: 
    * Summary: 
    +---------+---------+----------+----------+-----+-----+----------+
    |  Latency (cycles) |  Latency (absolute) |  Interval | Pipeline |
    |   min   |   max   |    min   |    max   | min | max |   Type   |
    +---------+---------+----------+----------+-----+-----+----------+
    |       11|       11| 0.110 us | 0.110 us |    1|    1| function |
    +---------+---------+----------+----------+-----+-----+----------+

    + Detail: 
        * Instance: 
        N/A

        * Loop: 
        N/A



================================================================
== Utilization Estimates
================================================================
* Summary: 
+-----------------+---------+-------+--------+-------+-----+
|       Name      | BRAM_18K| DSP48E|   FF   |  LUT  | URAM|
+-----------------+---------+-------+--------+-------+-----+
|DSP              |        -|      1|       -|      -|    -|
|Expression       |        -|      -|       0|    231|    -|
|FIFO             |        -|      -|       -|      -|    -|
|Instance         |        -|      0|     340|    554|    -|
|Memory           |        4|      -|       0|      0|    -|
|Multiplexer      |        -|      -|       -|     42|    -|
|Register         |        0|      -|     519|     96|    -|
+-----------------+---------+-------+--------+-------+-----+
|Total            |        4|      1|     859|    923|    0|
+-----------------+---------+-------+--------+-------+-----+
|Available        |      280|    220|  106400|  53200|    0|
+-----------------+---------+-------+--------+-------+-----+
|Utilization (%)  |        1|   ~0  |   ~0   |      1|    0|
+-----------------+---------+-------+--------+-------+-----+

+ Detail: 
    * Instance: 
    +-------------------------+----------------------+---------+-------+-----+-----+-----+
    |         Instance        |        Module        | BRAM_18K| DSP48E|  FF | LUT | URAM|
    +-------------------------+----------------------+---------+-------+-----+-----+-----+
    |icdf_uitofp_32ns_bkb_U1  |icdf_uitofp_32ns_bkb  |        0|      0|  340|  554|    0|
    +-------------------------+----------------------+---------+-------+-----+-----+-----+
    |Total                    |                      |        0|      0|  340|  554|    0|
    +-------------------------+----------------------+---------+-------+-----+-----+-----+

    * DSP48E: 
    +-------------------------+----------------------+-----------+
    |         Instance        |        Module        | Expression|
    +-------------------------+----------------------+-----------+
    |icdf_mul_mul_24nscud_U2  |icdf_mul_mul_24nscud  |  i0 * i1  |
    +-------------------------+----------------------+-----------+

    * Memory: 
    +-------------+----------------+---------+---+----+-----+------+-----+------+-------------+
    |    Memory   |     Module     | BRAM_18K| FF| LUT| URAM| Words| Bits| Banks| W*Bits*Banks|
    +-------------+----------------+---------+---+----+-----+------+-----+------+-------------+
    |coeff_lut_U  |icdf_coeff_lut  |        4|  0|   0|    0|  1024|   71|     1|        72704|
    +-------------+----------------+---------+---+----+-----+------+-----+------+-------------+
    |Total        |                |        4|  0|   0|    0|  1024|   71|     1|        72704|
    +-------------+----------------+---------+---+----+-----+------+-----+------+-------------+

    * FIFO: 
    N/A

    * Expression: 
    +------------------------------------+----------+-------+---+----+------------+------------+
    |            Variable Name           | Operation| DSP48E| FF| LUT| Bitwidth P0| Bitwidth P1|
    +------------------------------------+----------+-------+---+----+------------+------------+
    |add_ln215_fu_615_p2                 |     +    |      0|  0|  15|           6|           8|
    |add_ln700_fu_598_p2                 |     +    |      0|  0|  15|           6|           1|
    |index_exponential_se_fu_484_p2      |     +    |      0|  0|  15|           6|           6|
    |ret_V_fu_564_p2                     |     +    |      0|  0|  58|          51|          51|
    |and_ln25_1_fu_286_p2                |    and   |      0|  0|   2|           1|           1|
    |and_ln25_2_fu_322_p2                |    and   |      0|  0|   2|           1|           1|
    |and_ln25_3_fu_342_p2                |    and   |      0|  0|   2|           1|           1|
    |and_ln25_4_fu_382_p2                |    and   |      0|  0|   2|           1|           1|
    |and_ln25_5_fu_402_p2                |    and   |      0|  0|   2|           1|           1|
    |and_ln25_6_fu_438_p2                |    and   |      0|  0|   2|           1|           1|
    |and_ln25_7_fu_457_p2                |    and   |      0|  0|   2|           1|           1|
    |and_ln25_fu_266_p2                  |    and   |      0|  0|   2|           1|           1|
    |ap_block_state12_pp0_stage0_iter11  |    and   |      0|  0|   2|           1|           1|
    |ap_condition_155                    |    and   |      0|  0|   2|           1|           1|
    |icmp_ln25_fu_220_p2                 |   icmp   |      0|  0|   8|           2|           1|
    |icmp_ln66_fu_496_p2                 |   icmp   |      0|  0|   9|           4|           4|
    |icmp_ln879_fu_490_p2                |   icmp   |      0|  0|  11|           6|           4|
    |icmp_ln895_fu_610_p2                |   icmp   |      0|  0|  11|           8|           5|
    |ap_block_pp0_stage0_01001           |    or    |      0|  0|   2|           1|           1|
    |index_is_valid_fu_502_p2            |    or    |      0|  0|   2|           1|           1|
    |or_ln26_fu_234_p2                   |    or    |      0|  0|   2|           1|           1|
    |curr_exp_segment_V_fu_470_p3        |  select  |      0|  0|   4|           1|           4|
    |select_ln26_1_fu_240_p3             |  select  |      0|  0|   2|           1|           2|
    |select_ln26_2_fu_292_p3             |  select  |      0|  0|   4|           1|           4|
    |select_ln26_3_fu_300_p3             |  select  |      0|  0|   3|           1|           3|
    |select_ln26_4_fu_348_p3             |  select  |      0|  0|   3|           1|           3|
    |select_ln26_5_fu_356_p3             |  select  |      0|  0|   3|           1|           3|
    |select_ln26_6_fu_408_p3             |  select  |      0|  0|   5|           1|           5|
    |select_ln26_7_fu_416_p3             |  select  |      0|  0|   4|           1|           4|
    |select_ln26_8_fu_462_p3             |  select  |      0|  0|   4|           1|           4|
    |select_ln26_fu_226_p3               |  select  |      0|  0|   3|           1|           3|
    |select_ln895_fu_620_p3              |  select  |      0|  0|   8|           1|           8|
    |ap_enable_pp0                       |    xor   |      0|  0|   2|           1|           2|
    |xor_ln1054_1_fu_204_p2              |    xor   |      0|  0|   2|           1|           2|
    |xor_ln1054_2_fu_260_p2              |    xor   |      0|  0|   2|           1|           2|
    |xor_ln1054_3_fu_280_p2              |    xor   |      0|  0|   2|           1|           2|
    |xor_ln1054_4_fu_316_p2              |    xor   |      0|  0|   2|           1|           2|
    |xor_ln1054_5_fu_336_p2              |    xor   |      0|  0|   2|           1|           2|
    |xor_ln1054_6_fu_376_p2              |    xor   |      0|  0|   2|           1|           2|
    |xor_ln1054_7_fu_396_p2              |    xor   |      0|  0|   2|           1|           2|
    |xor_ln1054_8_fu_432_p2              |    xor   |      0|  0|   2|           1|           2|
    |xor_ln1054_fu_451_p2                |    xor   |      0|  0|   2|           1|           2|
    +------------------------------------+----------+-------+---+----+------------+------------+
    |Total                               |          |      0|  0| 231|         123|         156|
    +------------------------------------+----------+-------+---+----+------------+------------+

    * Multiplexer: 
    +----------------------------------------------------+----+-----------+-----+-----------+
    |                        Name                        | LUT| Input Size| Bits| Total Bits|
    +----------------------------------------------------+----+-----------+-----+-----------+
    |ap_phi_reg_pp0_iter2_total_exp_segment_V_1_reg_160  |  15|          3|    6|         18|
    |ap_sig_allocacmp_total_exp_segment_V_s              |   9|          2|    6|         12|
    |gaussian_rns_V_blk_n                                |   9|          2|    1|          2|
    |uniform_rns_V_blk_n                                 |   9|          2|    1|          2|
    +----------------------------------------------------+----+-----------+-----+-----------+
    |Total                                               |  42|          9|   14|         34|
    +----------------------------------------------------+----+-----------+-----+-----------+

    * Register: 
    +----------------------------------------------------+----+----+-----+-----------+
    |                        Name                        | FF | LUT| Bits| Const Bits|
    +----------------------------------------------------+----+----+-----+-----------+
    |and_ln25_6_reg_682                                  |   1|   0|    1|          0|
    |ap_CS_fsm                                           |   1|   0|    1|          0|
    |ap_enable_reg_pp0_iter1                             |   1|   0|    1|          0|
    |ap_enable_reg_pp0_iter10                            |   1|   0|    1|          0|
    |ap_enable_reg_pp0_iter11                            |   1|   0|    1|          0|
    |ap_enable_reg_pp0_iter2                             |   1|   0|    1|          0|
    |ap_enable_reg_pp0_iter3                             |   1|   0|    1|          0|
    |ap_enable_reg_pp0_iter4                             |   1|   0|    1|          0|
    |ap_enable_reg_pp0_iter5                             |   1|   0|    1|          0|
    |ap_enable_reg_pp0_iter6                             |   1|   0|    1|          0|
    |ap_enable_reg_pp0_iter7                             |   1|   0|    1|          0|
    |ap_enable_reg_pp0_iter8                             |   1|   0|    1|          0|
    |ap_enable_reg_pp0_iter9                             |   1|   0|    1|          0|
    |ap_phi_reg_pp0_iter1_total_exp_segment_V_1_reg_160  |   6|   0|    6|          0|
    |ap_phi_reg_pp0_iter2_total_exp_segment_V_1_reg_160  |   6|   0|    6|          0|
    |coeffs_coeff_1_V_reg_702                            |  24|   0|   24|          0|
    |count_V                                             |   6|   0|    6|          0|
    |index_interpolation_s_reg_672                       |  17|   0|   17|          0|
    |index_is_valid_reg_693                              |   1|   0|    1|          0|
    |index_linear_segment_reg_667                        |   4|   0|    4|          0|
    |p_Result_i_i_reg_727                                |   8|   0|    8|          0|
    |p_Result_s_reg_662                                  |   1|   0|    1|          0|
    |r_V_2_reg_712                                       |  41|   0|   41|          0|
    |res_fixed_V_reg_717                                 |  32|   0|   32|          0|
    |res_int_reg_722                                     |  32|   0|   32|          0|
    |select_ln26_7_reg_677                               |   4|   0|    4|          0|
    |tmp_13_reg_657                                      |  32|   0|   32|          0|
    |tmp_3_reg_707                                       |  47|   0|   47|          0|
    |tmp_3_reg_707_pp0_iter3_reg                         |  47|   0|   47|          0|
    |total_exp_segment_V                                 |   6|   0|    6|          0|
    |index_interpolation_s_reg_672                       |  64|  32|   17|          0|
    |index_is_valid_reg_693                              |  64|  32|    1|          0|
    |p_Result_s_reg_662                                  |  64|  32|    1|          0|
    +----------------------------------------------------+----+----+-----+-----------+
    |Total                                               | 519|  96|  346|          0|
    +----------------------------------------------------+----+----+-----+-----------+



================================================================
== Interface
================================================================
* Summary: 
+-----------------------+-----+-----+--------------+----------------+--------------+
|       RTL Ports       | Dir | Bits|   Protocol   |  Source Object |    C Type    |
+-----------------------+-----+-----+--------------+----------------+--------------+
|ap_clk                 |  in |    1| ap_ctrl_none |      icdf      | return value |
|ap_rst                 |  in |    1| ap_ctrl_none |      icdf      | return value |
|uniform_rns_V_dout     |  in |   32|    ap_fifo   |  uniform_rns_V |    pointer   |
|uniform_rns_V_empty_n  |  in |    1|    ap_fifo   |  uniform_rns_V |    pointer   |
|uniform_rns_V_read     | out |    1|    ap_fifo   |  uniform_rns_V |    pointer   |
|gaussian_rns_V_din     | out |   32|    ap_fifo   | gaussian_rns_V |    pointer   |
|gaussian_rns_V_full_n  |  in |    1|    ap_fifo   | gaussian_rns_V |    pointer   |
|gaussian_rns_V_write   | out |    1|    ap_fifo   | gaussian_rns_V |    pointer   |
+-----------------------+-----+-----+--------------+----------------+--------------+

