

================================================================
== Vivado HLS Report for 'calculateX'
================================================================
* Date:           Thu Jan 21 00:05:44 2021

* Version:        2019.2 (Build 2704478 on Wed Nov 06 22:10:23 MST 2019)
* Project:        07_optTiming_hls
* Solution:       solution2
* Product family: zynq
* Target device:  xc7z020-clg484-1


================================================================
== Performance Estimates
================================================================
+ Timing: 
    * Summary: 
    +--------+----------+----------+------------+
    |  Clock |  Target  | Estimated| Uncertainty|
    +--------+----------+----------+------------+
    |ap_clk  | 10.00 ns | 8.552 ns |   1.25 ns  |
    +--------+----------+----------+------------+

+ Latency: 
    * Summary: 
    +---------+---------+----------+----------+-----+-----+---------+
    |  Latency (cycles) |  Latency (absolute) |  Interval | Pipeline|
    |   min   |   max   |    min   |    max   | min | max |   Type  |
    +---------+---------+----------+----------+-----+-----+---------+
    |      267|      267| 2.670 us | 2.670 us |  267|  267|   none  |
    +---------+---------+----------+----------+-----+-----+---------+

    + Detail: 
        * Instance: 
        N/A

        * Loop: 
        +----------+---------+---------+----------+-----------+-----------+------+----------+
        |          |  Latency (cycles) | Iteration|  Initiation Interval  | Trip |          |
        | Loop Name|   min   |   max   |  Latency |  achieved |   target  | Count| Pipelined|
        +----------+---------+---------+----------+-----------+-----------+------+----------+
        |- Loop 1  |      256|      256|         8|          -|          -|    32|    no    |
        +----------+---------+---------+----------+-----------+-----------+------+----------+



================================================================
== Utilization Estimates
================================================================
* Summary: 
+-----------------+---------+-------+--------+-------+-----+
|       Name      | BRAM_18K| DSP48E|   FF   |  LUT  | URAM|
+-----------------+---------+-------+--------+-------+-----+
|DSP              |        -|      5|       -|      -|    -|
|Expression       |        -|      -|     219|   2863|    -|
|FIFO             |        -|      -|       -|      -|    -|
|Instance         |        -|      3|     143|    321|    -|
|Memory           |        0|      -|      27|     13|    -|
|Multiplexer      |        -|      -|       -|    106|    -|
|Register         |        -|      -|     689|      -|    -|
+-----------------+---------+-------+--------+-------+-----+
|Total            |        0|      8|    1078|   3303|    0|
+-----------------+---------+-------+--------+-------+-----+
|Available        |      280|    220|  106400|  53200|    0|
+-----------------+---------+-------+--------+-------+-----+
|Utilization (%)  |        0|      3|       1|      6|    0|
+-----------------+---------+-------+--------+-------+-----+

+ Detail: 
    * Instance: 
    +-------------------------+----------------------+---------+-------+-----+-----+-----+
    |         Instance        |        Module        | BRAM_18K| DSP48E|  FF | LUT | URAM|
    +-------------------------+----------------------+---------+-------+-----+-----+-----+
    |DAS_fmul_32ns_32ncud_U1  |DAS_fmul_32ns_32ncud  |        0|      3|  143|  321|    0|
    +-------------------------+----------------------+---------+-------+-----+-----+-----+
    |Total                    |                      |        0|      3|  143|  321|    0|
    +-------------------------+----------------------+---------+-------+-----+-----+-----+

    * DSP48E: 
    +-------------------------+----------------------+--------------+
    |         Instance        |        Module        |  Expression  |
    +-------------------------+----------------------+--------------+
    |DAS_mac_muladd_7ndEe_U2  |DAS_mac_muladd_7ndEe  | i0 + i1 * i2 |
    |DAS_mul_mul_16ns_fYi_U4  |DAS_mul_mul_16ns_fYi  |    i0 * i1   |
    |DAS_mul_mul_16s_1eOg_U3  |DAS_mul_mul_16s_1eOg  |    i0 * i1   |
    |DAS_mul_mul_18s_1g8j_U5  |DAS_mul_mul_18s_1g8j  |    i0 * i0   |
    |DAS_mul_mul_18s_1hbi_U6  |DAS_mul_mul_18s_1hbi  |    i0 * i1   |
    +-------------------------+----------------------+--------------+

    * Memory: 
    +------------------------+----------------------+---------+----+----+-----+------+-----+------+-------------+
    |         Memory         |        Module        | BRAM_18K| FF | LUT| URAM| Words| Bits| Banks| W*Bits*Banks|
    +------------------------+----------------------+---------+----+----+-----+------+-----+------+-------------+
    |array_ele_coordinate_U  |calculateX_array_bkb  |        0|  11|   6|    0|    32|   11|     1|          352|
    |sin_coff_U              |calculateX_sin_coff   |        0|  16|   7|    0|    25|   16|     1|          400|
    +------------------------+----------------------+---------+----+----+-----+------+-----+------+-------------+
    |Total                   |                      |        0|  27|  13|    0|    57|   27|     2|          752|
    +------------------------+----------------------+---------+----+----+-----+------+-----+------+-------------+

    * FIFO: 
    N/A

    * Expression: 
    +---------------------------+----------+-------+----+-----+------------+------------+
    |       Variable Name       | Operation| DSP48E| FF | LUT | Bitwidth P0| Bitwidth P1|
    +---------------------------+----------+-------+----+-----+------------+------------+
    |add_ln150_fu_207_p2        |     +    |      0|   0|   40|           2|          33|
    |add_ln954_1_fu_933_p2      |     +    |      0|   0|   39|           6|          32|
    |add_ln954_2_fu_1007_p2     |     +    |      0|   0|   39|           6|          32|
    |add_ln954_fu_422_p2        |     +    |      0|   0|   39|           6|          32|
    |add_ln964_1_fu_1089_p2     |     +    |      0|   0|    8|           8|           8|
    |add_ln964_2_fu_1133_p2     |     +    |      0|   0|    8|           8|           8|
    |add_ln964_fu_503_p2        |     +    |      0|   0|    8|           8|           8|
    |lsb_index_1_fu_716_p2      |     +    |      0|   0|   39|           6|          32|
    |lsb_index_2_fu_827_p2      |     +    |      0|   0|   39|           6|          32|
    |lsb_index_fu_316_p2        |     +    |      0|   0|   39|           6|          32|
    |m_13_fu_1050_p2            |     +    |      0|   0|   39|          32|          32|
    |m_1_fu_465_p2              |     +    |      0|   0|   39|          32|          32|
    |m_8_fu_976_p2              |     +    |      0|   0|   39|          32|          32|
    |rx_ch_fu_545_p2            |     +    |      0|   0|   15|           6|           1|
    |e2_V_fu_237_p2             |     -    |      0|   0|   12|          12|          12|
    |e3_V_fu_571_p2             |     -    |      0|   0|   13|          11|          11|
    |sub_ln944_1_fu_711_p2      |     -    |      0|   0|   39|           6|          32|
    |sub_ln944_2_fu_822_p2      |     -    |      0|   0|   39|           6|          32|
    |sub_ln944_fu_311_p2        |     -    |      0|   0|   39|           6|          32|
    |sub_ln947_1_fu_742_p2      |     -    |      0|   0|   15|           3|           6|
    |sub_ln947_2_fu_853_p2      |     -    |      0|   0|   15|           3|           6|
    |sub_ln947_fu_342_p2        |     -    |      0|   0|   15|           3|           6|
    |sub_ln954_1_fu_947_p2      |     -    |      0|   0|   39|           5|          32|
    |sub_ln954_2_fu_1021_p2     |     -    |      0|   0|   39|           5|          32|
    |sub_ln954_fu_436_p2        |     -    |      0|   0|   39|           5|          32|
    |sub_ln964_1_fu_1084_p2     |     -    |      0|   0|    8|           2|           8|
    |sub_ln964_2_fu_1128_p2     |     -    |      0|   0|    8|           3|           8|
    |sub_ln964_fu_498_p2        |     -    |      0|   0|    8|           2|           8|
    |tmp_V_3_fu_612_p2          |     -    |      0|   0|   43|           1|          36|
    |tmp_V_5_fu_662_p2          |     -    |      0|   0|   42|           1|          35|
    |tmp_V_fu_262_p2            |     -    |      0|   0|   33|           1|          26|
    |a_1_fu_769_p2              |    and   |      0|   0|    2|           1|           1|
    |a_2_fu_880_p2              |    and   |      0|   0|    2|           1|           1|
    |a_fu_369_p2                |    and   |      0|   0|    2|           1|           1|
    |and_ln949_1_fu_796_p2      |    and   |      0|   0|    2|           1|           1|
    |and_ln949_2_fu_907_p2      |    and   |      0|   0|    2|           1|           1|
    |and_ln949_fu_396_p2        |    and   |      0|   0|    2|           1|           1|
    |p_Result_15_fu_869_p2      |    and   |      0|   0|   36|          36|          36|
    |p_Result_3_fu_358_p2       |    and   |      0|   0|   36|          36|          36|
    |p_Result_9_fu_758_p2       |    and   |      0|   0|   36|          36|          36|
    |tmp_9_fu_641_p3            |   cttz   |      0|  73|   71|          64|           0|
    |tmp_fu_295_p3              |   cttz   |      0|  73|   71|          64|           0|
    |tmp_s_fu_695_p3            |   cttz   |      0|  73|   71|          64|           0|
    |icmp_ln150_fu_213_p2       |   icmp   |      0|   0|   21|          33|           4|
    |icmp_ln162_fu_539_p2       |   icmp   |      0|   0|   11|           6|           7|
    |icmp_ln935_1_fu_607_p2     |   icmp   |      0|   0|   21|          36|           1|
    |icmp_ln935_2_fu_657_p2     |   icmp   |      0|   0|   21|          35|           1|
    |icmp_ln935_fu_257_p2       |   icmp   |      0|   0|   18|          26|           1|
    |icmp_ln947_1_fu_363_p2     |   icmp   |      0|   0|   21|          36|           1|
    |icmp_ln947_2_fu_732_p2     |   icmp   |      0|   0|   18|          31|           1|
    |icmp_ln947_3_fu_763_p2     |   icmp   |      0|   0|   21|          36|           1|
    |icmp_ln947_4_fu_843_p2     |   icmp   |      0|   0|   18|          31|           1|
    |icmp_ln947_5_fu_874_p2     |   icmp   |      0|   0|   21|          36|           1|
    |icmp_ln947_fu_332_p2       |   icmp   |      0|   0|   18|          31|           1|
    |icmp_ln954_1_fu_816_p2     |   icmp   |      0|   0|   18|          32|           1|
    |icmp_ln954_2_fu_927_p2     |   icmp   |      0|   0|   18|          32|           1|
    |icmp_ln954_fu_416_p2       |   icmp   |      0|   0|   18|          32|           1|
    |lshr_ln947_1_fu_752_p2     |   lshr   |      0|   0|  117|           2|          36|
    |lshr_ln947_2_fu_863_p2     |   lshr   |      0|   0|  117|           2|          36|
    |lshr_ln947_fu_352_p2       |   lshr   |      0|   0|  117|           2|          36|
    |lshr_ln954_1_fu_942_p2     |   lshr   |      0|   0|  117|          36|          36|
    |lshr_ln954_2_fu_1016_p2    |   lshr   |      0|   0|  117|          36|          36|
    |lshr_ln954_fu_431_p2       |   lshr   |      0|   0|  117|          36|          36|
    |or_ln949_3_fu_402_p2       |    or    |      0|   0|    2|           1|           1|
    |or_ln949_4_fu_913_p2       |    or    |      0|   0|    2|           1|           1|
    |or_ln949_fu_802_p2         |    or    |      0|   0|    2|           1|           1|
    |extended_apod_func_x_d0    |  select  |      0|   0|   32|           1|           1|
    |m_12_fu_1043_p3            |  select  |      0|   0|   32|           1|          32|
    |m_7_fu_969_p3              |  select  |      0|   0|   32|           1|          32|
    |m_fu_458_p3                |  select  |      0|   0|   32|           1|          32|
    |p_Val2_1_fu_230_p3         |  select  |      0|   0|   12|           1|          12|
    |rx_dis_x_sample_d0         |  select  |      0|   0|   32|           1|           1|
    |select_ln935_2_fu_532_p3   |  select  |      0|   0|   32|           1|           1|
    |select_ln964_1_fu_999_p3   |  select  |      0|   0|    7|           1|           7|
    |select_ln964_2_fu_1073_p3  |  select  |      0|   0|    7|           1|           7|
    |select_ln964_fu_491_p3     |  select  |      0|   0|    7|           1|           7|
    |tmp_V_10_fu_667_p3         |  select  |      0|   0|   35|           1|          35|
    |tmp_V_7_fu_267_p3          |  select  |      0|   0|   26|           1|          26|
    |tmp_V_9_fu_617_p3          |  select  |      0|   0|   36|           1|          36|
    |shl_ln954_1_fu_956_p2      |    shl   |      0|   0|  117|          36|          36|
    |shl_ln954_2_fu_1030_p2     |    shl   |      0|   0|  117|          36|          36|
    |shl_ln954_fu_445_p2        |    shl   |      0|   0|  117|          36|          36|
    |xor_ln731_1_fu_565_p2      |    xor   |      0|   0|    2|           1|           2|
    |xor_ln731_fu_560_p2        |    xor   |      0|   0|    2|           1|           1|
    |xor_ln949_1_fu_783_p2      |    xor   |      0|   0|    2|           1|           2|
    |xor_ln949_2_fu_894_p2      |    xor   |      0|   0|    2|           1|           2|
    |xor_ln949_fu_383_p2        |    xor   |      0|   0|    2|           1|           2|
    +---------------------------+----------+-------+----+-----+------------+------------+
    |Total                      |          |      0| 219| 2863|        1221|        1402|
    +---------------------------+----------+-------+----+-----+------------+------------+

    * Multiplexer: 
    +-----------------+----+-----------+-----+-----------+
    |       Name      | LUT| Input Size| Bits| Total Bits|
    +-----------------+----+-----------+-----+-----------+
    |ap_NS_fsm        |  97|         20|    1|         20|
    |rx_ch_0_reg_182  |   9|          2|    6|         12|
    +-----------------+----+-----------+-----+-----------+
    |Total            | 106|         22|    7|         32|
    +-----------------+----+-----------+-----+-----------+

    * Register: 
    +-------------------------+----+----+-----+-----------+
    |           Name          | FF | LUT| Bits| Const Bits|
    +-------------------------+----+----+-----+-----------+
    |ap_CS_fsm                |  19|   0|   19|          0|
    |e3_V_reg_1330            |  11|   0|   11|          0|
    |icmp_ln150_reg_1204      |   1|   0|    1|          0|
    |icmp_ln935_1_reg_1366    |   1|   0|    1|          0|
    |icmp_ln935_2_reg_1389    |   1|   0|    1|          0|
    |icmp_ln935_reg_1243      |   1|   0|    1|          0|
    |icmp_ln954_1_reg_1423    |   1|   0|    1|          0|
    |icmp_ln954_2_reg_1439    |   1|   0|    1|          0|
    |icmp_ln954_reg_1277      |   1|   0|    1|          0|
    |l_1_reg_1379             |  32|   0|   32|          0|
    |l_2_reg_1402             |  32|   0|   32|          0|
    |l_reg_1256               |  32|   0|   32|          0|
    |m_2_reg_1444             |  31|   0|   31|          0|
    |m_6_reg_1454             |  31|   0|   31|          0|
    |m_s_reg_1282             |  31|   0|   31|          0|
    |mul_ln1118_reg_1230      |  26|   0|   26|          0|
    |mul_ln941_reg_1353       |  35|   0|   35|          0|
    |or_ln949_1_reg_1418      |   1|   0|   32|         31|
    |or_ln949_2_reg_1434      |   1|   0|   32|         31|
    |or_ln_reg_1272           |   1|   0|   32|         31|
    |p_Result_18_reg_1237     |   1|   0|    1|          0|
    |p_Result_20_reg_1292     |  32|   0|   32|          0|
    |p_Result_21_reg_1347     |   1|   0|    1|          0|
    |p_Result_24_reg_1360     |   1|   0|    1|          0|
    |rx_ch_0_reg_182          |   6|   0|    6|          0|
    |rx_ch_reg_1309           |   6|   0|    6|          0|
    |select_ln935_2_reg_1302  |  32|   0|   32|          0|
    |select_ln964_1_reg_1449  |   1|   0|    8|          7|
    |select_ln964_2_reg_1459  |   1|   0|    8|          7|
    |sext_ln938_1_reg_1394    |  36|   0|   36|          0|
    |sext_ln938_reg_1248      |  36|   0|   36|          0|
    |sin_coff_load_reg_1220   |  16|   0|   16|          0|
    |sub_ln944_1_reg_1412     |  32|   0|   32|          0|
    |sub_ln944_2_reg_1428     |  32|   0|   32|          0|
    |sub_ln944_reg_1266       |  32|   0|   32|          0|
    |temp_V_reg_1335          |  18|   0|   18|          0|
    |tmp_5_reg_1287           |   1|   0|    1|          0|
    |tmp_V_8_reg_1340         |  36|   0|   36|          0|
    |tmp_V_9_reg_1371         |  36|   0|   36|          0|
    |trunc_ln167_reg_1225     |   1|   0|    1|          0|
    |trunc_ln943_1_reg_1384   |   8|   0|    8|          0|
    |trunc_ln943_2_reg_1407   |   8|   0|    8|          0|
    |trunc_ln943_reg_1261     |   8|   0|    8|          0|
    |x_mm_V_reg_1214          |  11|   0|   11|          0|
    |xor_ln731_1_reg_1325     |   1|   0|    1|          0|
    |zext_ln164_reg_1314      |   6|   0|   64|         58|
    +-------------------------+----+----+-----+-----------+
    |Total                    | 689|   0|  854|        165|
    +-------------------------+----+----+-----+-----------+



================================================================
== Interface
================================================================
* Summary: 
+-------------------------------+-----+-----+------------+----------------------+--------------+
|           RTL Ports           | Dir | Bits|  Protocol  |     Source Object    |    C Type    |
+-------------------------------+-----+-----+------------+----------------------+--------------+
|ap_clk                         |  in |    1| ap_ctrl_hs |      calculateX      | return value |
|ap_rst                         |  in |    1| ap_ctrl_hs |      calculateX      | return value |
|ap_start                       |  in |    1| ap_ctrl_hs |      calculateX      | return value |
|ap_done                        | out |    1| ap_ctrl_hs |      calculateX      | return value |
|ap_idle                        | out |    1| ap_ctrl_hs |      calculateX      | return value |
|ap_ready                       | out |    1| ap_ctrl_hs |      calculateX      | return value |
|ap_return                      | out |   32| ap_ctrl_hs |      calculateX      | return value |
|pw                             |  in |   32|   ap_none  |          pw          |    scalar    |
|x_pos                          |  in |    5|   ap_none  |         x_pos        |    scalar    |
|rx_dis_x_sample_address0       | out |    5|  ap_memory |    rx_dis_x_sample   |     array    |
|rx_dis_x_sample_ce0            | out |    1|  ap_memory |    rx_dis_x_sample   |     array    |
|rx_dis_x_sample_we0            | out |    1|  ap_memory |    rx_dis_x_sample   |     array    |
|rx_dis_x_sample_d0             | out |   32|  ap_memory |    rx_dis_x_sample   |     array    |
|extended_apod_func_x_address0  | out |    5|  ap_memory | extended_apod_func_x |     array    |
|extended_apod_func_x_ce0       | out |    1|  ap_memory | extended_apod_func_x |     array    |
|extended_apod_func_x_we0       | out |    1|  ap_memory | extended_apod_func_x |     array    |
|extended_apod_func_x_d0        | out |   32|  ap_memory | extended_apod_func_x |     array    |
+-------------------------------+-----+-----+------------+----------------------+--------------+

