

================================================================
== Vivado HLS Report for 'DAS'
================================================================
* Date:           Thu Jan 21 00:05:56 2021

* Version:        2019.2 (Build 2704478 on Wed Nov 06 22:10:23 MST 2019)
* Project:        07_optTiming_hls
* Solution:       solution2
* Product family: zynq
* Target device:  xc7z020-clg484-1


================================================================
== Performance Estimates
================================================================
+ Timing: 
    * Summary: 
    +--------+----------+----------+------------+
    |  Clock |  Target  | Estimated| Uncertainty|
    +--------+----------+----------+------------+
    |ap_clk  | 10.00 ns | 8.670 ns |   1.25 ns  |
    +--------+----------+----------+------------+

+ Latency: 
    * Summary: 
    +---------+---------+----------+----------+--------+--------+---------+
    |  Latency (cycles) |  Latency (absolute) |     Interval    | Pipeline|
    |   min   |   max   |    min   |    max   |   min  |   max  |   Type  |
    +---------+---------+----------+----------+--------+--------+---------+
    |   466437|   852550| 4.664 ms | 8.525 ms |  466437|  852550|   none  |
    +---------+---------+----------+----------+--------+--------+---------+

    + Detail: 
        * Instance: 
        +---------------------------------+----------------------+---------+---------+-----------+-----------+-----+-----+----------+
        |                                 |                      |  Latency (cycles) |   Latency (absolute)  |  Interval | Pipeline |
        |             Instance            |        Module        |   min   |   max   |    min    |    max    | min | max |   Type   |
        +---------------------------------+----------------------+---------+---------+-----------+-----------+-----+-----+----------+
        |grp_calculateSnapShotSum_fu_756  |calculateSnapShotSum  |      191|      191|  1.910 us |  1.910 us |   16|   16| function |
        |grp_calculateX_fu_764            |calculateX            |      267|      267|  2.670 us |  2.670 us |  267|  267|   none   |
        |grp_IIR_pipe_fu_777              |IIR_pipe              |        5|        5| 50.000 ns | 50.000 ns |    1|    1| function |
        +---------------------------------+----------------------+---------+---------+-----------+-----------+-----+-----+----------+

        * Loop: 
        +-------------+---------+---------+----------+-----------+-----------+----------+----------+
        |             |  Latency (cycles) | Iteration|  Initiation Interval  |   Trip   |          |
        |  Loop Name  |   min   |   max   |  Latency |  achieved |   target  |   Count  | Pipelined|
        +-------------+---------+---------+----------+-----------+-----------+----------+----------+
        |- Loop 1     |     4128|     4128|       258|          -|          -|        16|    no    |
        | + Loop 1.1  |      256|      256|         1|          -|          -|       256|    no    |
        |- Loop 2     |       96|   131136| 3 ~ 4098 |          -|          -|        32|    no    |
        | + Loop 2.1  |        1|     4096|         1|          -|          -| 1 ~ 4096 |    no    |
        |- Loop 3     |   466336|   466336|     29146|          -|          -|        16|    no    |
        | + Loop 3.1  |    28875|    28875|       220|         16|          1|      1792|    yes   |
        |- Loop 4     |   240160|   240160|     15010|          -|          -|        16|    no    |
        | + Loop 4.1  |    15008|    15008|        67|          -|          -|       224|    no    |
        |- Loop 5     |    10784|    10784|       674|          -|          -|        16|    no    |
        | + Loop 5.1  |      672|      672|         3|          -|          -|       224|    no    |
        +-------------+---------+---------+----------+-----------+-----------+----------+----------+



================================================================
== Utilization Estimates
================================================================
* Summary: 
+-----------------+---------+-------+--------+-------+-----+
|       Name      | BRAM_18K| DSP48E|   FF   |  LUT  | URAM|
+-----------------+---------+-------+--------+-------+-----+
|DSP              |        -|      2|       -|      -|    -|
|Expression       |        -|      -|     219|   5893|    -|
|FIFO             |        -|      -|       -|      -|    -|
|Instance         |        0|    113|   20618|  37949|    -|
|Memory           |       65|      -|      96|     21|    0|
|Multiplexer      |        -|      -|       -|    931|    -|
|Register         |        0|      -|    2451|     96|    -|
+-----------------+---------+-------+--------+-------+-----+
|Total            |       65|    115|   23384|  44890|    0|
+-----------------+---------+-------+--------+-------+-----+
|Available        |      280|    220|  106400|  53200|    0|
+-----------------+---------+-------+--------+-------+-----+
|Utilization (%)  |       23|     52|      21|     84|    0|
+-----------------+---------+-------+--------+-------+-----+

+ Detail: 
    * Instance: 
    +---------------------------------+----------------------+---------+-------+-------+-------+-----+
    |             Instance            |        Module        | BRAM_18K| DSP48E|   FF  |  LUT  | URAM|
    +---------------------------------+----------------------+---------+-------+-------+-------+-----+
    |DAS_AXILiteS_s_axi_U             |DAS_AXILiteS_s_axi    |        0|      0|     74|    104|    0|
    |DAS_dlog_64ns_64nyd2_U66         |DAS_dlog_64ns_64nyd2  |        0|     61|   1909|   1510|    0|
    |DAS_dmul_64ns_64nwdI_U64         |DAS_dmul_64ns_64nwdI  |        0|     11|    317|    578|    0|
    |DAS_fadd_32ns_32nibs_U61         |DAS_fadd_32ns_32nibs  |        0|      2|    205|    390|    0|
    |DAS_fmul_32ns_32ncud_U62         |DAS_fmul_32ns_32ncud  |        0|      3|    143|    321|    0|
    |DAS_fpext_32ns_64vdy_U63         |DAS_fpext_32ns_64vdy  |        0|      0|    100|    138|    0|
    |DAS_sitodp_32ns_6xdS_U65         |DAS_sitodp_32ns_6xdS  |        0|      0|    412|    645|    0|
    |grp_IIR_pipe_fu_777              |IIR_pipe              |        0|     16|    856|    693|    0|
    |grp_calculateSnapShotSum_fu_756  |calculateSnapShotSum  |        0|     12|  15524|  30267|    0|
    |grp_calculateX_fu_764            |calculateX            |        0|      8|   1078|   3303|    0|
    +---------------------------------+----------------------+---------+-------+-------+-------+-----+
    |Total                            |                      |        0|    113|  20618|  37949|    0|
    +---------------------------------+----------------------+---------+-------+-------+-------+-----+

    * DSP48E: 
    +--------------------------+----------------------+-----------+
    |         Instance         |        Module        | Expression|
    +--------------------------+----------------------+-----------+
    |DAS_mul_mul_18s_1g8j_U67  |DAS_mul_mul_18s_1g8j  |  i0 * i0  |
    |DAS_mul_mul_18s_1g8j_U68  |DAS_mul_mul_18s_1g8j  |  i0 * i0  |
    +--------------------------+----------------------+-----------+

    * Memory: 
    +------------------------+----------------------+---------+----+----+-----+-------+-----+------+-------------+
    |         Memory         |        Module        | BRAM_18K| FF | LUT| URAM| Words | Bits| Banks| W*Bits*Banks|
    +------------------------+----------------------+---------+----+----+-----+-------+-----+------+-------------+
    |IQ_acc_block_real_V_U   |DAS_IQ_acc_block_qcK  |        4|   0|   0|    0|   4096|   18|     1|        73728|
    |IQ_acc_block_imag_V_U   |DAS_IQ_acc_block_qcK  |        4|   0|   0|    0|   4096|   18|     1|        73728|
    |cos_coff_U              |DAS_cos_coff          |        0|  32|  13|    0|     25|   32|     1|          800|
    |demod_coeff_0_U         |DAS_demod_coeff_0     |        0|  32|   4|    0|      7|   32|     1|          224|
    |demod_coeff_1_U         |DAS_demod_coeff_1     |        0|  32|   4|    0|      7|   32|     1|          224|
    |echo_block_buffer_V_U   |DAS_echo_block_buudo  |       48|   0|   0|    0|  65536|   12|     1|       786432|
    |extended_apod_func_x_U  |DAS_extended_apodtde  |        1|   0|   0|    0|     32|   32|     1|         1024|
    |gray_pic_buffer_V_U     |DAS_gray_pic_buffsc4  |        2|   0|   0|    0|   3584|    9|     1|        32256|
    |mask_table2_U           |DAS_mask_table2       |        2|   0|   0|    0|     64|   52|     1|         3328|
    |one_half_table3_U       |DAS_one_half_table3   |        2|   0|   0|    0|     64|   53|     1|         3392|
    |rx_dis_x_sample_U       |DAS_rx_dis_x_sample   |        2|   0|   0|    0|     32|   32|     1|         1024|
    +------------------------+----------------------+---------+----+----+-----+-------+-----+------+-------------+
    |Total                   |                      |       65|  96|  21|    0|  77543|  322|    11|       976160|
    +------------------------+----------------------+---------+----+----+-----+-------+-----+------+-------------+

    * FIFO: 
    N/A

    * Expression: 
    +----------------------------+----------+-------+----+-----+------------+------------+
    |        Variable Name       | Operation| DSP48E| FF | LUT | Bitwidth P0| Bitwidth P1|
    +----------------------------+----------+-------+----+-----+------------+------------+
    |IIR_count_fu_1182_p2        |     +    |      0|   0|   39|          32|           1|
    |add_ln1116_fu_1955_p2       |     +    |      0|   0|   19|          14|          14|
    |add_ln203_1_fu_975_p2       |     +    |      0|   0|   25|          18|          18|
    |add_ln203_2_fu_1335_p2      |     +    |      0|   0|   19|          14|          14|
    |add_ln203_fu_900_p2         |     +    |      0|   0|   19|          14|          14|
    |add_ln249_fu_2994_p2        |     +    |      0|   0|   17|          13|          13|
    |add_ln339_fu_2580_p2        |     +    |      0|   0|   15|           8|           9|
    |add_ln502_fu_2857_p2        |     +    |      0|   0|   12|          11|          12|
    |add_ln581_1_fu_1696_p2      |     +    |      0|   0|   12|           4|          12|
    |add_ln581_fu_1424_p2        |     +    |      0|   0|   12|           4|          12|
    |add_ln703_12_fu_1904_p2     |     +    |      0|   0|   25|          18|          18|
    |add_ln703_fu_1898_p2        |     +    |      0|   0|   25|          18|          18|
    |add_ln954_3_fu_2382_p2      |     +    |      0|   0|   39|           6|          32|
    |add_ln954_4_fu_1192_p2      |     +    |      0|   0|   39|           6|          32|
    |add_ln954_fu_2316_p2        |     +    |      0|   0|   39|           6|          32|
    |add_ln964_34_fu_2514_p2     |     +    |      0|   0|    8|           8|           8|
    |add_ln964_35_fu_1266_p2     |     +    |      0|   0|    8|           8|           8|
    |add_ln964_fu_2463_p2        |     +    |      0|   0|    8|           8|           8|
    |block_cnt_addr_fu_1065_p2   |     +    |      0|   0|   39|           1|          32|
    |block_x_pos_fu_1001_p2      |     +    |      0|   0|   15|           5|           2|
    |depth_cnt_fu_1314_p2        |     +    |      0|   0|   39|          32|           1|
    |depth_fu_1296_p2            |     +    |      0|   0|   12|          12|           1|
    |gray_col_4_fu_1922_p2       |     +    |      0|   0|   15|           5|           1|
    |gray_col_5_fu_917_p2        |     +    |      0|   0|   15|           6|           1|
    |gray_col_6_fu_2961_p2       |     +    |      0|   0|   15|           5|           1|
    |gray_col_fu_866_p2          |     +    |      0|   0|   15|           5|           1|
    |gray_depth_4_fu_937_p2      |     +    |      0|   0|   17|          13|           1|
    |gray_depth_5_fu_1966_p2     |     +    |      0|   0|   15|           1|           9|
    |gray_depth_6_fu_3021_p2     |     +    |      0|   0|   15|           9|           1|
    |gray_depth_fu_882_p2        |     +    |      0|   0|   15|           9|           1|
    |lsb_index_3_fu_1076_p2      |     +    |      0|   0|   39|           6|          32|
    |lsb_index_4_fu_2210_p2      |     +    |      0|   0|   39|           6|          32|
    |lsb_index_fu_2099_p2        |     +    |      0|   0|   39|           6|          32|
    |m_20_fu_1228_p2             |     +    |      0|   0|   39|          32|          32|
    |m_25_fu_2359_p2             |     +    |      0|   0|   39|          32|          32|
    |m_30_fu_2425_p2             |     +    |      0|   0|   39|          32|          32|
    |p_Val2_s_fu_2748_p2         |     +    |      0|   0|   71|          64|          64|
    |x_pos_fu_1910_p2            |     +    |      0|   0|   15|           5|           1|
    |F2_1_fu_1684_p2             |     -    |      0|   0|   12|          11|          12|
    |F2_fu_1412_p2               |     -    |      0|   0|   12|          11|          12|
    |man_V_1_fu_1392_p2          |     -    |      0|   0|   61|           1|          54|
    |man_V_4_fu_1664_p2          |     -    |      0|   0|   61|           1|          54|
    |result_V_2_fu_2676_p2       |     -    |      0|   0|   39|           1|          32|
    |sub_ln1311_1_fu_2871_p2     |     -    |      0|   0|   13|          10|          11|
    |sub_ln1311_fu_2594_p2       |     -    |      0|   0|   15|           7|           8|
    |sub_ln581_1_fu_1702_p2      |     -    |      0|   0|   12|           3|          12|
    |sub_ln581_fu_1430_p2        |     -    |      0|   0|   12|           3|          12|
    |sub_ln59_fu_2943_p2         |     -    |      0|   0|   15|           1|           9|
    |sub_ln944_32_fu_1071_p2     |     -    |      0|   0|   39|           6|          32|
    |sub_ln944_3_fu_2205_p2      |     -    |      0|   0|   39|           6|          32|
    |sub_ln944_fu_2094_p2        |     -    |      0|   0|   39|           6|          32|
    |sub_ln947_34_fu_2125_p2     |     -    |      0|   0|   15|           3|           6|
    |sub_ln947_35_fu_2236_p2     |     -    |      0|   0|   15|           3|           6|
    |sub_ln947_fu_1102_p2        |     -    |      0|   0|   15|           4|           6|
    |sub_ln954_3_fu_2396_p2      |     -    |      0|   0|   39|           5|          32|
    |sub_ln954_4_fu_1203_p2      |     -    |      0|   0|   39|           5|          32|
    |sub_ln954_fu_2330_p2        |     -    |      0|   0|   39|           5|          32|
    |sub_ln964_3_fu_2509_p2      |     -    |      0|   0|    8|           5|           8|
    |sub_ln964_4_fu_1261_p2      |     -    |      0|   0|    8|           6|           8|
    |sub_ln964_fu_2458_p2        |     -    |      0|   0|    8|           5|           8|
    |tmp_V_18_fu_2049_p2         |     -    |      0|   0|   43|           1|          36|
    |tmp_V_fu_1999_p2            |     -    |      0|   0|   43|           1|          36|
    |a_3_fu_1129_p2              |    and   |      0|   0|    2|           1|           1|
    |a_4_fu_2263_p2              |    and   |      0|   0|    2|           1|           1|
    |a_fu_2152_p2                |    and   |      0|   0|    2|           1|           1|
    |and_ln401_fu_3010_p2        |    and   |      0|   0|    2|           1|           1|
    |and_ln581_1_fu_1801_p2      |    and   |      0|   0|    2|           1|           1|
    |and_ln581_fu_1529_p2        |    and   |      0|   0|    2|           1|           1|
    |and_ln582_1_fu_1786_p2      |    and   |      0|   0|    2|           1|           1|
    |and_ln582_fu_1514_p2        |    and   |      0|   0|    2|           1|           1|
    |and_ln585_1_fu_1546_p2      |    and   |      0|   0|    2|           1|           1|
    |and_ln585_2_fu_1812_p2      |    and   |      0|   0|    2|           1|           1|
    |and_ln585_3_fu_1818_p2      |    and   |      0|   0|    2|           1|           1|
    |and_ln585_fu_1540_p2        |    and   |      0|   0|    2|           1|           1|
    |and_ln603_1_fu_1835_p2      |    and   |      0|   0|    2|           1|           1|
    |and_ln603_fu_1563_p2        |    and   |      0|   0|    2|           1|           1|
    |and_ln849_fu_2802_p2        |    and   |      0|   0|    2|           1|           1|
    |and_ln949_34_fu_2179_p2     |    and   |      0|   0|    2|           1|           1|
    |and_ln949_35_fu_2290_p2     |    and   |      0|   0|    2|           1|           1|
    |and_ln949_fu_1156_p2        |    and   |      0|   0|    2|           1|           1|
    |ap_block_state5             |    and   |      0|   0|    2|           1|           1|
    |ap_condition_2796           |    and   |      0|   0|    2|           1|           1|
    |p_Result_28_fu_1118_p2      |    and   |      0|   0|   34|          34|          34|
    |p_Result_40_fu_2141_p2      |    and   |      0|   0|   36|          36|          36|
    |p_Result_47_fu_2252_p2      |    and   |      0|   0|   36|          36|          36|
    |xs_sig_V_fu_2762_p2         |    and   |      0|   0|   52|          52|          52|
    |ashr_ln586_1_fu_1743_p2     |   ashr   |      0|   0|  162|          54|          54|
    |ashr_ln586_fu_1471_p2       |   ashr   |      0|   0|  162|          54|          54|
    |tmp_5_fu_2078_p3            |   cttz   |      0|  73|   71|          64|           0|
    |tmp_i_fu_1039_p3            |   cttz   |      0|  73|   71|          64|           0|
    |tmp_s_fu_2028_p3            |   cttz   |      0|  73|   71|          64|           0|
    |icmp_ln306_fu_854_p2        |   icmp   |      0|   0|   18|          32|           1|
    |icmp_ln309_fu_860_p2        |   icmp   |      0|   0|   11|           5|           6|
    |icmp_ln311_fu_876_p2        |   icmp   |      0|   0|   13|           9|          10|
    |icmp_ln320_fu_911_p2        |   icmp   |      0|   0|   11|           6|           7|
    |icmp_ln322_fu_931_p2        |   icmp   |      0|   0|   13|          13|          14|
    |icmp_ln325_fu_961_p2        |   icmp   |      0|   0|    8|           2|           1|
    |icmp_ln334_fu_990_p2        |   icmp   |      0|   0|   11|           5|           5|
    |icmp_ln341_fu_1011_p2       |   icmp   |      0|   0|   13|          12|          13|
    |icmp_ln358_fu_1055_p2       |   icmp   |      0|   0|   18|          32|           3|
    |icmp_ln372_fu_1308_p2       |   icmp   |      0|   0|   18|          32|           3|
    |icmp_ln383_fu_996_p2        |   icmp   |      0|   0|   18|          32|           5|
    |icmp_ln385_fu_1916_p2       |   icmp   |      0|   0|   11|           5|           6|
    |icmp_ln387_fu_1937_p2       |   icmp   |      0|   0|   13|           9|          10|
    |icmp_ln396_fu_2955_p2       |   icmp   |      0|   0|   11|           5|           6|
    |icmp_ln398_fu_2977_p2       |   icmp   |      0|   0|   13|           9|          10|
    |icmp_ln401_1_fu_3004_p2     |   icmp   |      0|   0|   13|           9|           8|
    |icmp_ln401_fu_2971_p2       |   icmp   |      0|   0|   11|           5|           4|
    |icmp_ln571_1_fu_1678_p2     |   icmp   |      0|   0|   29|          63|           1|
    |icmp_ln571_fu_1406_p2       |   icmp   |      0|   0|   29|          63|           1|
    |icmp_ln581_1_fu_1690_p2     |   icmp   |      0|   0|   13|          12|           3|
    |icmp_ln581_fu_1418_p2       |   icmp   |      0|   0|   13|          12|           3|
    |icmp_ln582_1_fu_1716_p2     |   icmp   |      0|   0|   13|          12|           3|
    |icmp_ln582_fu_1444_p2       |   icmp   |      0|   0|   13|          12|           3|
    |icmp_ln585_1_fu_1729_p2     |   icmp   |      0|   0|   13|          12|           6|
    |icmp_ln585_fu_1457_p2       |   icmp   |      0|   0|   13|          12|           6|
    |icmp_ln603_1_fu_1734_p2     |   icmp   |      0|   0|   13|          12|           5|
    |icmp_ln603_fu_1462_p2       |   icmp   |      0|   0|   13|          12|           5|
    |icmp_ln849_1_fu_2708_p2     |   icmp   |      0|   0|   13|          11|          11|
    |icmp_ln849_fu_2702_p2       |   icmp   |      0|   0|   13|          11|          10|
    |icmp_ln935_3_fu_2044_p2     |   icmp   |      0|   0|   21|          36|           1|
    |icmp_ln935_fu_1994_p2       |   icmp   |      0|   0|   21|          36|           1|
    |icmp_ln947_10_fu_2257_p2    |   icmp   |      0|   0|   21|          36|           1|
    |icmp_ln947_65_fu_1123_p2    |   icmp   |      0|   0|   21|          34|           1|
    |icmp_ln947_69_fu_2115_p2    |   icmp   |      0|   0|   18|          31|           1|
    |icmp_ln947_70_fu_2226_p2    |   icmp   |      0|   0|   18|          31|           1|
    |icmp_ln947_8_fu_2146_p2     |   icmp   |      0|   0|   21|          36|           1|
    |icmp_ln947_fu_1092_p2       |   icmp   |      0|   0|   18|          31|           1|
    |icmp_ln954_3_fu_2310_p2     |   icmp   |      0|   0|   18|          32|           1|
    |icmp_ln954_4_fu_1176_p2     |   icmp   |      0|   0|   18|          32|           1|
    |icmp_ln954_fu_2199_p2       |   icmp   |      0|   0|   18|          32|           1|
    |lshr_ln947_34_fu_2135_p2    |   lshr   |      0|   0|  117|           2|          36|
    |lshr_ln947_35_fu_2246_p2    |   lshr   |      0|   0|  117|           2|          36|
    |lshr_ln947_fu_1112_p2       |   lshr   |      0|   0|  109|           2|          34|
    |lshr_ln954_3_fu_2391_p2     |   lshr   |      0|   0|  117|          36|          36|
    |lshr_ln954_4_fu_1197_p2     |   lshr   |      0|   0|  101|          32|          32|
    |lshr_ln954_fu_2325_p2       |   lshr   |      0|   0|  117|          36|          36|
    |r_V_28_fu_2635_p2           |   lshr   |      0|   0|   73|          25|          25|
    |r_V_30_fu_2901_p2           |   lshr   |      0|   0|  162|          54|          54|
    |or_ln581_1_fu_1824_p2       |    or    |      0|   0|    2|           1|           1|
    |or_ln581_fu_1552_p2         |    or    |      0|   0|    2|           1|           1|
    |or_ln582_1_fu_1791_p2       |    or    |      0|   0|    2|           1|           1|
    |or_ln582_fu_1519_p2         |    or    |      0|   0|    2|           1|           1|
    |or_ln603_1_fu_1590_p2       |    or    |      0|   0|    2|           1|           1|
    |or_ln603_2_fu_1604_p2       |    or    |      0|   0|    2|           1|           1|
    |or_ln603_3_fu_1849_p2       |    or    |      0|   0|    2|           1|           1|
    |or_ln603_4_fu_1862_p2       |    or    |      0|   0|    2|           1|           1|
    |or_ln603_5_fu_1876_p2       |    or    |      0|   0|    2|           1|           1|
    |or_ln603_fu_1577_p2         |    or    |      0|   0|    2|           1|           1|
    |or_ln949_62_fu_2185_p2      |    or    |      0|   0|    2|           1|           1|
    |or_ln949_63_fu_1162_p2      |    or    |      0|   0|    2|           1|           1|
    |or_ln949_fu_2296_p2         |    or    |      0|   0|    2|           1|           1|
    |tmp_last_V_2_fu_3015_p2     |    or    |      0|   0|    2|           1|           1|
    |buffer_imag_V_fu_1882_p3    |  select  |      0|   0|   18|           1|          18|
    |buffer_real_V_fu_1610_p3    |  select  |      0|   0|   18|           1|          18|
    |depth_cnt_1_fu_1320_p3      |  select  |      0|   0|   32|           1|           1|
    |gray_imag_fu_2543_p3        |  select  |      0|   0|   32|           1|           1|
    |gray_pic_buffer_V_d0        |  select  |      0|   0|    9|           1|           9|
    |gray_real_fu_2492_p3        |  select  |      0|   0|   32|           1|           1|
    |m_24_fu_2352_p3             |  select  |      0|   0|   32|           1|          32|
    |m_29_fu_2418_p3             |  select  |      0|   0|   32|           1|          32|
    |m_fu_1221_p3                |  select  |      0|   0|   32|           1|          32|
    |man_V_2_fu_1398_p3          |  select  |      0|   0|   54|           1|          54|
    |man_V_5_fu_1670_p3          |  select  |      0|   0|   54|           1|          54|
    |p_Val2_80_fu_2669_p3        |  select  |      0|   0|   32|           1|          32|
    |p_Val2_81_fu_2682_p3        |  select  |      0|   0|   32|           1|          32|
    |select_ln1312_fu_2935_p3    |  select  |      0|   0|    9|           1|           9|
    |select_ln588_1_fu_1764_p3   |  select  |      0|   0|    2|           1|           2|
    |select_ln588_fu_1492_p3     |  select  |      0|   0|    2|           1|           2|
    |select_ln603_1_fu_1583_p3   |  select  |      0|   0|   18|           1|          18|
    |select_ln603_2_fu_1596_p3   |  select  |      0|   0|   18|           1|          18|
    |select_ln603_4_fu_1841_p3   |  select  |      0|   0|   18|           1|          18|
    |select_ln603_5_fu_1855_p3   |  select  |      0|   0|   18|           1|          18|
    |select_ln603_6_fu_1868_p3   |  select  |      0|   0|   18|           1|          18|
    |select_ln603_fu_1569_p3     |  select  |      0|   0|   18|           1|          18|
    |select_ln849_1_fu_2807_p3   |  select  |      0|   0|   64|           1|          64|
    |select_ln849_fu_2786_p3     |  select  |      0|   0|   64|           1|          64|
    |select_ln964_34_fu_2451_p3  |  select  |      0|   0|    7|           1|           7|
    |select_ln964_35_fu_2502_p3  |  select  |      0|   0|    7|           1|           7|
    |select_ln964_fu_1254_p3     |  select  |      0|   0|    7|           1|           7|
    |sh_amt_1_fu_1708_p3         |  select  |      0|   0|   12|           1|          12|
    |sh_amt_fu_1436_p3           |  select  |      0|   0|   12|           1|          12|
    |tmp_V_29_fu_2004_p3         |  select  |      0|   0|   36|           1|          36|
    |tmp_V_31_fu_2054_p3         |  select  |      0|   0|   36|           1|          36|
    |ush_1_fu_2881_p3            |  select  |      0|   0|   12|           1|          12|
    |ush_fu_2604_p3              |  select  |      0|   0|    9|           1|           9|
    |r_V_29_fu_2641_p2           |    shl   |      0|   0|  243|          79|          79|
    |r_V_31_fu_2907_p2           |    shl   |      0|   0|  474|         137|         137|
    |shl_ln604_1_fu_1776_p2      |    shl   |      0|   0|   45|          18|          18|
    |shl_ln604_fu_1504_p2        |    shl   |      0|   0|   45|          18|          18|
    |shl_ln954_3_fu_2405_p2      |    shl   |      0|   0|  117|          36|          36|
    |shl_ln954_4_fu_1212_p2      |    shl   |      0|   0|  109|          34|          34|
    |shl_ln954_fu_2339_p2        |    shl   |      0|   0|  117|          36|          36|
    |ap_enable_pp0               |    xor   |      0|   0|    2|           1|           2|
    |xor_ln1309_fu_2757_p2       |    xor   |      0|   0|   52|          52|           2|
    |xor_ln571_1_fu_1781_p2      |    xor   |      0|   0|    2|           1|           2|
    |xor_ln571_fu_1509_p2        |    xor   |      0|   0|    2|           1|           2|
    |xor_ln581_1_fu_1829_p2      |    xor   |      0|   0|    2|           1|           2|
    |xor_ln581_fu_1557_p2        |    xor   |      0|   0|    2|           1|           2|
    |xor_ln582_1_fu_1795_p2      |    xor   |      0|   0|    2|           1|           2|
    |xor_ln582_fu_1523_p2        |    xor   |      0|   0|    2|           1|           2|
    |xor_ln585_1_fu_1806_p2      |    xor   |      0|   0|    2|           1|           2|
    |xor_ln585_fu_1534_p2        |    xor   |      0|   0|    2|           1|           2|
    |xor_ln849_fu_2797_p2        |    xor   |      0|   0|    2|           1|           2|
    |xor_ln949_34_fu_2166_p2     |    xor   |      0|   0|    2|           1|           2|
    |xor_ln949_35_fu_2277_p2     |    xor   |      0|   0|    2|           1|           2|
    |xor_ln949_fu_1143_p2        |    xor   |      0|   0|    2|           1|           2|
    +----------------------------+----------+-------+----+-----+------------+------------+
    |Total                       |          |      0| 219| 5893|        2576|        2964|
    +----------------------------+----------+-------+----+-----+------------+------------+

    * Multiplexer: 
    +------------------------------------------+-----+-----------+-----+-----------+
    |                   Name                   | LUT | Input Size| Bits| Total Bits|
    +------------------------------------------+-----+-----------+-----+-----------+
    |IIR_count_0_reg_652                       |    9|          2|   32|         64|
    |IQ_acc_block_imag_V_address0              |   27|          5|   12|         60|
    |IQ_acc_block_imag_V_d0                    |   15|          3|   18|         54|
    |IQ_acc_block_real_V_address0              |   27|          5|   12|         60|
    |IQ_acc_block_real_V_d0                    |   15|          3|   18|         54|
    |ap_NS_fsm                                 |  433|         98|    1|         98|
    |ap_enable_reg_pp0_iter13                  |    9|          2|    1|          2|
    |ap_phi_mux_IIR_count_0_phi_fu_656_p4      |    9|          2|   32|         64|
    |ap_phi_mux_block_cn_0_phi_fu_680_p4       |    9|          2|   32|         64|
    |ap_phi_mux_depth_cnt_0_phi_fu_668_p4      |    9|          2|   32|         64|
    |ap_phi_mux_tmp_V_13_phi_fu_644_p4         |    9|          2|   12|         24|
    |ap_phi_reg_pp0_iter0_IIR_count_1_reg_688  |    9|          2|   32|         64|
    |ap_phi_reg_pp0_iter0_block_cn_1_reg_700   |    9|          2|   32|         64|
    |block_cn_0_reg_676                        |    9|          2|   32|         64|
    |depth_cnt_0_reg_664                       |    9|          2|   32|         64|
    |echo_block_TDATA_blk_n                    |    9|          2|    1|          2|
    |echo_block_buffer_V_address0              |   15|          3|   16|         48|
    |echo_block_buffer_V_ce0                   |   15|          3|    1|          3|
    |echo_block_buffer_V_ce1                   |    9|          2|    1|          2|
    |gray_col_0_reg_584                        |    9|          2|    5|         10|
    |gray_col_1_reg_606                        |    9|          2|    6|         12|
    |gray_col_2_reg_712                        |    9|          2|    5|         10|
    |gray_col_3_reg_734                        |    9|          2|    5|         10|
    |gray_depth_0_reg_595                      |    9|          2|    9|         18|
    |gray_depth_1_reg_617                      |    9|          2|   13|         26|
    |gray_depth_2_reg_723                      |    9|          2|    9|         18|
    |gray_depth_3_reg_745                      |    9|          2|    9|         18|
    |gray_pic_TDATA_blk_n                      |    9|          2|    1|          2|
    |gray_pic_buffer_V_address0                |   15|          3|   12|         36|
    |grp_fu_803_p0                             |   21|          4|   32|        128|
    |grp_fu_803_p1                             |   21|          4|   32|        128|
    |grp_fu_808_p0                             |   21|          4|   32|        128|
    |grp_fu_808_p1                             |   27|          5|   32|        160|
    |grp_fu_812_p0                             |   15|          3|   32|         96|
    |rx_dis_x_sample_address0                  |   15|          3|    5|         15|
    |rx_dis_x_sample_ce0                       |   15|          3|    1|          3|
    |rx_dis_x_sample_ce1                       |    9|          2|    1|          2|
    |rx_dis_x_sample_we0                       |    9|          2|    1|          2|
    |tmp_V_13_reg_640                          |    9|          2|   12|         24|
    |tmp_last_V_1_fu_368                       |    9|          2|    1|          2|
    |x_pos_0_reg_628                           |    9|          2|    5|         10|
    +------------------------------------------+-----+-----------+-----+-----------+
    |Total                                     |  931|        201|  609|       1777|
    +------------------------------------------+-----+-----------+-----+-----------+

    * Register: 
    +----------------------------------------------+----+----+-----+-----------+
    |                     Name                     | FF | LUT| Bits| Const Bits|
    +----------------------------------------------+----+----+-----+-----------+
    |IIR_count_0_reg_652                           |  32|   0|   32|          0|
    |IIR_count_reg_3188                            |  32|   0|   32|          0|
    |IQ_acc_block_imag_V_1_reg_3249                |  12|   0|   12|          0|
    |IQ_acc_block_real_V_1_reg_3254                |  12|   0|   12|          0|
    |add_ln703_12_reg_3346                         |  18|   0|   18|          0|
    |add_ln703_reg_3341                            |  18|   0|   18|          0|
    |ap_CS_fsm                                     |  97|   0|   97|          0|
    |ap_enable_reg_pp0_iter0                       |   1|   0|    1|          0|
    |ap_enable_reg_pp0_iter1                       |   1|   0|    1|          0|
    |ap_enable_reg_pp0_iter10                      |   1|   0|    1|          0|
    |ap_enable_reg_pp0_iter11                      |   1|   0|    1|          0|
    |ap_enable_reg_pp0_iter12                      |   1|   0|    1|          0|
    |ap_enable_reg_pp0_iter13                      |   1|   0|    1|          0|
    |ap_enable_reg_pp0_iter2                       |   1|   0|    1|          0|
    |ap_enable_reg_pp0_iter3                       |   1|   0|    1|          0|
    |ap_enable_reg_pp0_iter4                       |   1|   0|    1|          0|
    |ap_enable_reg_pp0_iter5                       |   1|   0|    1|          0|
    |ap_enable_reg_pp0_iter6                       |   1|   0|    1|          0|
    |ap_enable_reg_pp0_iter7                       |   1|   0|    1|          0|
    |ap_enable_reg_pp0_iter8                       |   1|   0|    1|          0|
    |ap_enable_reg_pp0_iter9                       |   1|   0|    1|          0|
    |ap_phi_reg_pp0_iter0_IIR_count_1_reg_688      |  32|   0|   32|          0|
    |ap_phi_reg_pp0_iter0_block_cn_1_reg_700       |  32|   0|   32|          0|
    |block_cn_0_reg_676                            |  32|   0|   32|          0|
    |block_cn_1_reg_700                            |  32|   0|   32|          0|
    |buffer_imag_V_reg_3336                        |  18|   0|   18|          0|
    |buffer_real_V_reg_3295                        |  18|   0|   18|          0|
    |cos_coff_load_reg_3115                        |  32|   0|   32|          0|
    |demod_coeff_0_load_reg_3234                   |  32|   0|   32|          0|
    |demod_coeff_1_load_reg_3239                   |  32|   0|   32|          0|
    |depth_cnt_0_reg_664                           |  32|   0|   32|          0|
    |depth_cnt_1_reg_3229                          |  32|   0|   32|          0|
    |depth_reg_3214                                |  12|   0|   12|          0|
    |gray_col_0_reg_584                            |   5|   0|    5|          0|
    |gray_col_1_reg_606                            |   6|   0|    6|          0|
    |gray_col_2_reg_712                            |   5|   0|    5|          0|
    |gray_col_3_reg_734                            |   5|   0|    5|          0|
    |gray_col_4_reg_3359                           |   5|   0|    5|          0|
    |gray_col_5_reg_3086                           |   6|   0|    6|          0|
    |gray_col_6_reg_3631                           |   5|   0|    5|          0|
    |gray_col_reg_3065                             |   5|   0|    5|          0|
    |gray_depth_0_reg_595                          |   9|   0|    9|          0|
    |gray_depth_1_reg_617                          |  13|   0|   13|          0|
    |gray_depth_2_reg_723                          |   9|   0|    9|          0|
    |gray_depth_3_reg_745                          |   9|   0|    9|          0|
    |gray_depth_5_reg_3394                         |   9|   0|    9|          0|
    |gray_depth_6_reg_3659                         |   9|   0|    9|          0|
    |gray_imag_reg_3528                            |  32|   0|   32|          0|
    |gray_real_reg_3523                            |  32|   0|   32|          0|
    |grp_IIR_pipe_fu_777_ap_start_reg              |   1|   0|    1|          0|
    |grp_calculateSnapShotSum_fu_756_ap_start_reg  |   1|   0|    1|          0|
    |grp_calculateX_fu_764_ap_start_reg            |   1|   0|    1|          0|
    |icmp_ln306_reg_3058                           |   1|   0|    1|          0|
    |icmp_ln341_reg_3137                           |   1|   0|    1|          0|
    |icmp_ln358_reg_3158                           |   1|   0|    1|          0|
    |icmp_ln383_reg_3123                           |   1|   0|    1|          0|
    |icmp_ln401_reg_3641                           |   1|   0|    1|          0|
    |icmp_ln571_1_reg_3305                         |   1|   0|    1|          0|
    |icmp_ln571_reg_3264                           |   1|   0|    1|          0|
    |icmp_ln581_1_reg_3311                         |   1|   0|    1|          0|
    |icmp_ln581_reg_3270                           |   1|   0|    1|          0|
    |icmp_ln582_1_reg_3324                         |   1|   0|    1|          0|
    |icmp_ln582_reg_3283                           |   1|   0|    1|          0|
    |icmp_ln849_1_reg_3587                         |   1|   0|    1|          0|
    |icmp_ln849_reg_3581                           |   1|   0|    1|          0|
    |icmp_ln935_3_reg_3448                         |   1|   0|    1|          0|
    |icmp_ln935_reg_3425                           |   1|   0|    1|          0|
    |icmp_ln954_3_reg_3498                         |   1|   0|    1|          0|
    |icmp_ln954_4_reg_3183                         |   1|   0|    1|          0|
    |icmp_ln954_reg_3482                           |   1|   0|    1|          0|
    |isNeg_reg_3543                                |   1|   0|    1|          0|
    |l_3_reg_3438                                  |  32|   0|   32|          0|
    |l_4_reg_3461                                  |  32|   0|   32|          0|
    |l_reg_3148                                    |  32|   0|   32|          0|
    |m_7_reg_3503                                  |  31|   0|   31|          0|
    |m_8_reg_3513                                  |  31|   0|   31|          0|
    |m_s_reg_3193                                  |  31|   0|   31|          0|
    |man_V_2_reg_3259                              |  54|   0|   54|          0|
    |man_V_5_reg_3300                              |  54|   0|   54|          0|
    |mask_reg_3602                                 |  52|   0|   52|          0|
    |one_half_reg_3607                             |  53|   0|   53|          0|
    |or_ln949_3_reg_3493                           |   1|   0|   32|         31|
    |or_ln_i_reg_3178                              |   1|   0|   32|         31|
    |or_ln_reg_3477                                |   1|   0|   32|         31|
    |p_Result_72_reg_3203                          |  32|   0|   32|          0|
    |p_Result_77_reg_3406                          |   1|   0|    1|          0|
    |p_Result_80_reg_3419                          |   1|   0|    1|          0|
    |p_Result_83_reg_3533                          |   1|   0|    1|          0|
    |p_Result_87_reg_3617                          |   1|   0|    1|          0|
    |p_Val2_81_reg_3554                            |  32|   0|   32|          0|
    |pw_read_reg_3051                              |  32|   0|   32|          0|
    |r_V_32_reg_3141                               |  12|   0|   34|         22|
    |reg_828                                       |  32|   0|   32|          0|
    |reg_834                                       |  32|   0|   32|          0|
    |reg_840                                       |  32|   0|   32|          0|
    |reg_846                                       |  18|   0|   18|          0|
    |reg_850                                       |  18|   0|   18|          0|
    |select_ln1312_reg_3622                        |   9|   0|    9|          0|
    |select_ln849_1_reg_3612                       |  64|   0|   64|          0|
    |sh_amt_1_reg_3317                             |  12|   0|   12|          0|
    |sh_amt_reg_3276                               |  12|   0|   12|          0|
    |snapshot_sum_reg_3244                         |  32|   0|   32|          0|
    |sub_ln944_32_reg_3172                         |  32|   0|   32|          0|
    |sub_ln944_3_reg_3487                          |  32|   0|   32|          0|
    |sub_ln944_reg_3471                            |  32|   0|   32|          0|
    |t_V_6_reg_3575                                |  64|   0|   64|          0|
    |tmp_10_reg_3564                               |  64|   0|   64|          0|
    |tmp_262_reg_3198                              |   1|   0|    1|          0|
    |tmp_270_reg_3508                              |   1|   0|    1|          0|
    |tmp_274_reg_3518                              |   1|   0|    1|          0|
    |tmp_9_reg_3559                                |  64|   0|   64|          0|
    |tmp_V_13_reg_640                              |  12|   0|   12|          0|
    |tmp_V_28_reg_3399                             |  36|   0|   36|          0|
    |tmp_V_29_reg_3430                             |  36|   0|   36|          0|
    |tmp_V_30_reg_3412                             |  36|   0|   36|          0|
    |tmp_V_31_reg_3453                             |  36|   0|   36|          0|
    |tmp_V_33_reg_3538                             |  23|   0|   23|          0|
    |tmp_last_V_1_fu_368                           |   1|   0|    1|          0|
    |tmp_last_V_2_reg_3654                         |   1|   0|    1|          0|
    |trunc_ln203_reg_3162                          |  10|   0|   10|          0|
    |trunc_ln583_1_reg_3330                        |  18|   0|   18|          0|
    |trunc_ln583_reg_3289                          |  18|   0|   18|          0|
    |trunc_ln943_3_reg_3443                        |   8|   0|    8|          0|
    |trunc_ln943_4_reg_3466                        |   8|   0|    8|          0|
    |trunc_ln943_reg_3153                          |   8|   0|    8|          0|
    |tx_dis_x_sample_reg_3127                      |  32|   0|   32|          0|
    |ush_reg_3548                                  |   9|   0|    9|          0|
    |x_assign_4_reg_3569                           |  64|   0|   64|          0|
    |x_pos_0_reg_628                               |   5|   0|    5|          0|
    |z_sample_reg_3208                             |  32|   0|   32|          0|
    |zext_ln1116_2_reg_3379                        |  14|   0|   64|         50|
    |zext_ln311_reg_3070                           |   5|   0|   14|          9|
    |zext_ln322_reg_3091                           |   6|   0|   18|         12|
    |zext_ln341_reg_3132                           |   5|   0|   14|          9|
    |zext_ln387_reg_3364                           |   5|   0|   14|          9|
    |zext_ln401_reg_3636                           |   5|   0|   13|          8|
    |icmp_ln341_reg_3137                           |  64|  32|    1|          0|
    |icmp_ln358_reg_3158                           |  64|  32|    1|          0|
    |trunc_ln203_reg_3162                          |  64|  32|   10|          0|
    +----------------------------------------------+----+----+-----+-----------+
    |Total                                         |2451|  96| 2483|        212|
    +----------------------------------------------+----+----+-----+-----------+



================================================================
== Interface
================================================================
* Summary: 
+------------------------+-----+-----+------------+---------------------+--------------+
|        RTL Ports       | Dir | Bits|  Protocol  |    Source Object    |    C Type    |
+------------------------+-----+-----+------------+---------------------+--------------+
|s_axi_AXILiteS_AWVALID  |  in |    1|    s_axi   |       AXILiteS      |    scalar    |
|s_axi_AXILiteS_AWREADY  | out |    1|    s_axi   |       AXILiteS      |    scalar    |
|s_axi_AXILiteS_AWADDR   |  in |    5|    s_axi   |       AXILiteS      |    scalar    |
|s_axi_AXILiteS_WVALID   |  in |    1|    s_axi   |       AXILiteS      |    scalar    |
|s_axi_AXILiteS_WREADY   | out |    1|    s_axi   |       AXILiteS      |    scalar    |
|s_axi_AXILiteS_WDATA    |  in |   32|    s_axi   |       AXILiteS      |    scalar    |
|s_axi_AXILiteS_WSTRB    |  in |    4|    s_axi   |       AXILiteS      |    scalar    |
|s_axi_AXILiteS_ARVALID  |  in |    1|    s_axi   |       AXILiteS      |    scalar    |
|s_axi_AXILiteS_ARREADY  | out |    1|    s_axi   |       AXILiteS      |    scalar    |
|s_axi_AXILiteS_ARADDR   |  in |    5|    s_axi   |       AXILiteS      |    scalar    |
|s_axi_AXILiteS_RVALID   | out |    1|    s_axi   |       AXILiteS      |    scalar    |
|s_axi_AXILiteS_RREADY   |  in |    1|    s_axi   |       AXILiteS      |    scalar    |
|s_axi_AXILiteS_RDATA    | out |   32|    s_axi   |       AXILiteS      |    scalar    |
|s_axi_AXILiteS_RRESP    | out |    2|    s_axi   |       AXILiteS      |    scalar    |
|s_axi_AXILiteS_BVALID   | out |    1|    s_axi   |       AXILiteS      |    scalar    |
|s_axi_AXILiteS_BREADY   |  in |    1|    s_axi   |       AXILiteS      |    scalar    |
|s_axi_AXILiteS_BRESP    | out |    2|    s_axi   |       AXILiteS      |    scalar    |
|ap_clk                  |  in |    1| ap_ctrl_hs |         DAS         | return value |
|ap_rst_n                |  in |    1| ap_ctrl_hs |         DAS         | return value |
|interrupt               | out |    1| ap_ctrl_hs |         DAS         | return value |
|echo_block_TDATA        |  in |   32|    axis    | echo_block_V_data_V |    pointer   |
|echo_block_TVALID       |  in |    1|    axis    | echo_block_V_dest_V |    pointer   |
|echo_block_TREADY       | out |    1|    axis    | echo_block_V_dest_V |    pointer   |
|echo_block_TDEST        |  in |    1|    axis    | echo_block_V_dest_V |    pointer   |
|echo_block_TKEEP        |  in |    4|    axis    | echo_block_V_keep_V |    pointer   |
|echo_block_TSTRB        |  in |    4|    axis    | echo_block_V_strb_V |    pointer   |
|echo_block_TUSER        |  in |    1|    axis    | echo_block_V_user_V |    pointer   |
|echo_block_TLAST        |  in |    1|    axis    | echo_block_V_last_V |    pointer   |
|echo_block_TID          |  in |    1|    axis    |  echo_block_V_id_V  |    pointer   |
|gray_pic_TDATA          | out |   32|    axis    |  gray_pic_V_data_V  |    pointer   |
|gray_pic_TVALID         | out |    1|    axis    |  gray_pic_V_dest_V  |    pointer   |
|gray_pic_TREADY         |  in |    1|    axis    |  gray_pic_V_dest_V  |    pointer   |
|gray_pic_TDEST          | out |    1|    axis    |  gray_pic_V_dest_V  |    pointer   |
|gray_pic_TKEEP          | out |    4|    axis    |  gray_pic_V_keep_V  |    pointer   |
|gray_pic_TSTRB          | out |    4|    axis    |  gray_pic_V_strb_V  |    pointer   |
|gray_pic_TUSER          | out |    1|    axis    |  gray_pic_V_user_V  |    pointer   |
|gray_pic_TLAST          | out |    1|    axis    |  gray_pic_V_last_V  |    pointer   |
|gray_pic_TID            | out |    1|    axis    |   gray_pic_V_id_V   |    pointer   |
+------------------------+-----+-----+------------+---------------------+--------------+

