

================================================================
== Vivado HLS Report for 'DigitalAnnealer'
================================================================
* Date:           Mon Feb  8 14:40:07 2021

* Version:        2019.2 (Build 2704478 on Wed Nov 06 22:10:23 MST 2019)
* Project:        danew_v1
* Solution:       sol2
* Product family: virtexuplus
* Target device:  xcu50-fsvh2104-2-e


================================================================
== Performance Estimates
================================================================
+ Timing: 
    * Summary: 
    +--------+----------+----------+------------+
    |  Clock |  Target  | Estimated| Uncertainty|
    +--------+----------+----------+------------+
    |ap_clk  | 10.00 ns | 9.482 ns |   1.25 ns  |
    +--------+----------+----------+------------+

+ Latency: 
    * Summary: 
    +---------+---------+----------+----------+--------+--------+---------+
    |  Latency (cycles) |  Latency (absolute) |     Interval    | Pipeline|
    |   min   |   max   |    min   |    max   |   min  |   max  |   Type  |
    +---------+---------+----------+----------+--------+--------+---------+
    |   386083|   442483| 3.861 ms | 4.425 ms |  386083|  442483|   none  |
    +---------+---------+----------+----------+--------+--------+---------+

    + Detail: 
        * Instance: 
        +----------------------------------+----------------------+---------+---------+----------+----------+-------+-------+---------+
        |                                  |                      |  Latency (cycles) |  Latency (absolute) |    Interval   | Pipeline|
        |             Instance             |        Module        |   min   |   max   |    min   |    max   |  min  |  max  |   Type  |
        +----------------------------------+----------------------+---------+---------+----------+----------+-------+-------+---------+
        |grp_execute_replica_para_fu_2192  |execute_replica_para  |    18228|    19828| 0.182 ms | 0.198 ms |  18228|  19828|   none  |
        |grp_replica_exchange_fu_2297      |replica_exchange      |       49|      110| 0.490 us | 1.100 us |     49|    110|   none  |
        |grp_find_the_best_fu_2309         |find_the_best         |       39|       39| 0.390 us | 0.390 us |     39|     39|   none  |
        |grp_replace_best_matrix_fu_2336   |replace_best_matrix   |       61|       61| 0.610 us | 0.610 us |     61|     61|   none  |
        +----------------------------------+----------------------+---------+---------+----------+----------+-------+-------+---------+

        * Loop: 
        +--------------------------+---------+---------+---------------+-----------+-----------+------+----------+
        |                          |  Latency (cycles) |   Iteration   |  Initiation Interval  | Trip |          |
        |         Loop Name        |   min   |   max   |    Latency    |  achieved |   target  | Count| Pipelined|
        +--------------------------+---------+---------+---------------+-----------+-----------+------+----------+
        |- memset_                 |       29|       29|              6|          -|          -|     5|    no    |
        | + memset_                |        4|        4|              1|          -|          -|     5|    no    |
        |- memset_                 |       29|       29|              6|          -|          -|     5|    no    |
        | + memset_                |        4|        4|              1|          -|          -|     5|    no    |
        |- memset_                 |       29|       29|              6|          -|          -|     5|    no    |
        | + memset_                |        4|        4|              1|          -|          -|     5|    no    |
        |- memset_                 |       29|       29|              6|          -|          -|     5|    no    |
        | + memset_                |        4|        4|              1|          -|          -|     5|    no    |
        |- memset_                 |       29|       29|              6|          -|          -|     5|    no    |
        | + memset_                |        4|        4|              1|          -|          -|     5|    no    |
        |- memset_                 |       29|       29|              6|          -|          -|     5|    no    |
        | + memset_                |        4|        4|              1|          -|          -|     5|    no    |
        |- memset_                 |       29|       29|              6|          -|          -|     5|    no    |
        | + memset_                |        4|        4|              1|          -|          -|     5|    no    |
        |- memset_                 |       29|       29|              6|          -|          -|     5|    no    |
        | + memset_                |        4|        4|              1|          -|          -|     5|    no    |
        |- memset_                 |       29|       29|              6|          -|          -|     5|    no    |
        | + memset_                |        4|        4|              1|          -|          -|     5|    no    |
        |- memset_                 |       29|       29|              6|          -|          -|     5|    no    |
        | + memset_                |        4|        4|              1|          -|          -|     5|    no    |
        |- memset_                 |       29|       29|              6|          -|          -|     5|    no    |
        | + memset_                |        4|        4|              1|          -|          -|     5|    no    |
        |- memset_                 |       29|       29|              6|          -|          -|     5|    no    |
        | + memset_                |        4|        4|              1|          -|          -|     5|    no    |
        |- memset_                 |       29|       29|              6|          -|          -|     5|    no    |
        | + memset_                |        4|        4|              1|          -|          -|     5|    no    |
        |- memset_                 |       29|       29|              6|          -|          -|     5|    no    |
        | + memset_                |        4|        4|              1|          -|          -|     5|    no    |
        |- memset_                 |       29|       29|              6|          -|          -|     5|    no    |
        | + memset_                |        4|        4|              1|          -|          -|     5|    no    |
        |- memset_                 |       29|       29|              6|          -|          -|     5|    no    |
        | + memset_                |        4|        4|              1|          -|          -|     5|    no    |
        |- memset_                 |       29|       29|              6|          -|          -|     5|    no    |
        | + memset_                |        4|        4|              1|          -|          -|     5|    no    |
        |- memset_                 |       29|       29|              6|          -|          -|     5|    no    |
        | + memset_                |        4|        4|              1|          -|          -|     5|    no    |
        |- memset_                 |       29|       29|              6|          -|          -|     5|    no    |
        | + memset_                |        4|        4|              1|          -|          -|     5|    no    |
        |- memset_                 |       29|       29|              6|          -|          -|     5|    no    |
        | + memset_                |        4|        4|              1|          -|          -|     5|    no    |
        |- memset_                 |       29|       29|              6|          -|          -|     5|    no    |
        | + memset_                |        4|        4|              1|          -|          -|     5|    no    |
        |- memset_                 |       29|       29|              6|          -|          -|     5|    no    |
        | + memset_                |        4|        4|              1|          -|          -|     5|    no    |
        |- memset_                 |       29|       29|              6|          -|          -|     5|    no    |
        | + memset_                |        4|        4|              1|          -|          -|     5|    no    |
        |- memset_                 |       29|       29|              6|          -|          -|     5|    no    |
        | + memset_                |        4|        4|              1|          -|          -|     5|    no    |
        |- memset_                 |       29|       29|              6|          -|          -|     5|    no    |
        | + memset_                |        4|        4|              1|          -|          -|     5|    no    |
        |- memset_                 |       29|       29|              6|          -|          -|     5|    no    |
        | + memset_                |        4|        4|              1|          -|          -|     5|    no    |
        |- memset_                 |       29|       29|              6|          -|          -|     5|    no    |
        | + memset_                |        4|        4|              1|          -|          -|     5|    no    |
        |- memset_                 |       29|       29|              6|          -|          -|     5|    no    |
        | + memset_                |        4|        4|              1|          -|          -|     5|    no    |
        |- memset_                 |       29|       29|              6|          -|          -|     5|    no    |
        | + memset_                |        4|        4|              1|          -|          -|     5|    no    |
        |- memset_                 |       29|       29|              6|          -|          -|     5|    no    |
        | + memset_                |        4|        4|              1|          -|          -|     5|    no    |
        |- memset_                 |       29|       29|              6|          -|          -|     5|    no    |
        | + memset_                |        4|        4|              1|          -|          -|     5|    no    |
        |- memset_                 |       29|       29|              6|          -|          -|     5|    no    |
        | + memset_                |        4|        4|              1|          -|          -|     5|    no    |
        |- memset_                 |       29|       29|              6|          -|          -|     5|    no    |
        | + memset_                |        4|        4|              1|          -|          -|     5|    no    |
        |- memset_                 |       29|       29|              6|          -|          -|     5|    no    |
        | + memset_                |        4|        4|              1|          -|          -|     5|    no    |
        |- memset_                 |       29|       29|              6|          -|          -|     5|    no    |
        | + memset_                |        4|        4|              1|          -|          -|     5|    no    |
        |- memset_                 |       29|       29|              6|          -|          -|     5|    no    |
        | + memset_                |        4|        4|              1|          -|          -|     5|    no    |
        |- memset_                 |       29|       29|              6|          -|          -|     5|    no    |
        | + memset_                |        4|        4|              1|          -|          -|     5|    no    |
        |- memset_                 |       29|       29|              6|          -|          -|     5|    no    |
        | + memset_                |        4|        4|              1|          -|          -|     5|    no    |
        |- memset_                 |       29|       29|              6|          -|          -|     5|    no    |
        | + memset_                |        4|        4|              1|          -|          -|     5|    no    |
        |- memset_                 |       29|       29|              6|          -|          -|     5|    no    |
        | + memset_                |        4|        4|              1|          -|          -|     5|    no    |
        |- Loop 41                 |       60|       60|             12|          -|          -|     5|    no    |
        | + Loop 41.1              |       10|       10|              2|          -|          -|     5|    no    |
        |- DigitalAnnealer_label0  |   384800|   441200| 19240 ~ 22060 |          -|          -|    20|    no    |
        +--------------------------+---------+---------+---------------+-----------+-----------+------+----------+



================================================================
== Utilization Estimates
================================================================
* Summary: 
+---------------------+---------+-------+---------+--------+-----+
|         Name        | BRAM_18K| DSP48E|    FF   |   LUT  | URAM|
+---------------------+---------+-------+---------+--------+-----+
|DSP                  |        -|      -|        -|       -|    -|
|Expression           |        -|      -|        0|    1577|    -|
|FIFO                 |        -|      -|        -|       -|    -|
|Instance             |       40|   1588|   160843|  274550|    0|
|Memory               |       60|      -|        0|       0|    0|
|Multiplexer          |        -|      -|        -|    5646|    -|
|Register             |        -|      -|     4630|       -|    -|
+---------------------+---------+-------+---------+--------+-----+
|Total                |      100|   1588|   165473|  281773|    0|
+---------------------+---------+-------+---------+--------+-----+
|Available SLR        |     1344|   2976|   871680|  435840|  320|
+---------------------+---------+-------+---------+--------+-----+
|Utilization SLR (%)  |        7|     53|       18|      64|    0|
+---------------------+---------+-------+---------+--------+-----+
|Available            |     2688|   5952|  1743360|  871680|  640|
+---------------------+---------+-------+---------+--------+-----+
|Utilization (%)      |        3|     26|        9|      32|    0|
+---------------------+---------+-------+---------+--------+-----+

+ Detail: 
    * Instance: 
    +----------------------------------+----------------------+---------+-------+--------+--------+-----+
    |             Instance             |        Module        | BRAM_18K| DSP48E|   FF   |   LUT  | URAM|
    +----------------------------------+----------------------+---------+-------+--------+--------+-----+
    |DigitalAnnealer_dcud_U138         |DigitalAnnealer_dcud  |        0|      8|     256|     106|    0|
    |grp_execute_replica_para_fu_2192  |execute_replica_para  |       40|   1540|  154902|  261777|    0|
    |grp_find_the_best_fu_2309         |find_the_best         |        0|      0|    1871|    4853|    0|
    |grp_replace_best_matrix_fu_2336   |replace_best_matrix   |        0|      0|      28|      83|    0|
    |grp_replica_exchange_fu_2297      |replica_exchange      |        0|     40|    3786|    7731|    0|
    +----------------------------------+----------------------+---------+-------+--------+--------+-----+
    |Total                             |                      |       40|   1588|  160843|  274550|    0|
    +----------------------------------+----------------------+---------+-------+--------+--------+-----+

    * DSP48E: 
    N/A

    * Memory: 
    +------------------------+----------------------+---------+---+----+-----+------+-----+------+-------------+
    |         Memory         |        Module        | BRAM_18K| FF| LUT| URAM| Words| Bits| Banks| W*Bits*Banks|
    +------------------------+----------------------+---------+---+----+-----+------+-----+------+-------------+
    |replica0_qubit_matr_U   |DigitalAnnealer_rpcA  |        1|  0|   0|    0|    25|    1|     1|           25|
    |replica1_qubit_matr_U   |DigitalAnnealer_rpcA  |        1|  0|   0|    0|    25|    1|     1|           25|
    |replica2_qubit_matr_U   |DigitalAnnealer_rpcA  |        1|  0|   0|    0|    25|    1|     1|           25|
    |replica3_qubit_matr_U   |DigitalAnnealer_rpcA  |        1|  0|   0|    0|    25|    1|     1|           25|
    |replica4_qubit_matr_U   |DigitalAnnealer_rpcA  |        1|  0|   0|    0|    25|    1|     1|           25|
    |replica5_qubit_matr_U   |DigitalAnnealer_rpcA  |        1|  0|   0|    0|    25|    1|     1|           25|
    |replica6_qubit_matr_U   |DigitalAnnealer_rpcA  |        1|  0|   0|    0|    25|    1|     1|           25|
    |replica7_qubit_matr_U   |DigitalAnnealer_rpcA  |        1|  0|   0|    0|    25|    1|     1|           25|
    |replica8_qubit_matr_U   |DigitalAnnealer_rpcA  |        1|  0|   0|    0|    25|    1|     1|           25|
    |replica9_qubit_matr_U   |DigitalAnnealer_rpcA  |        1|  0|   0|    0|    25|    1|     1|           25|
    |replica10_qubit_mat_U   |DigitalAnnealer_rpcA  |        1|  0|   0|    0|    25|    1|     1|           25|
    |replica11_qubit_mat_U   |DigitalAnnealer_rpcA  |        1|  0|   0|    0|    25|    1|     1|           25|
    |replica12_qubit_mat_U   |DigitalAnnealer_rpcA  |        1|  0|   0|    0|    25|    1|     1|           25|
    |replica13_qubit_mat_U   |DigitalAnnealer_rpcA  |        1|  0|   0|    0|    25|    1|     1|           25|
    |replica14_qubit_mat_U   |DigitalAnnealer_rpcA  |        1|  0|   0|    0|    25|    1|     1|           25|
    |replica15_qubit_mat_U   |DigitalAnnealer_rpcA  |        1|  0|   0|    0|    25|    1|     1|           25|
    |replica16_qubit_mat_U   |DigitalAnnealer_rpcA  |        1|  0|   0|    0|    25|    1|     1|           25|
    |replica17_qubit_mat_U   |DigitalAnnealer_rpcA  |        1|  0|   0|    0|    25|    1|     1|           25|
    |replica18_qubit_mat_U   |DigitalAnnealer_rpcA  |        1|  0|   0|    0|    25|    1|     1|           25|
    |replica19_qubit_mat_U   |DigitalAnnealer_rpcA  |        1|  0|   0|    0|    25|    1|     1|           25|
    |replica0_distance_m_U   |execute_replica_dfYi  |        2|  0|   0|    0|    25|   64|     1|         1600|
    |replica1_distance_m_U   |execute_replica_dfYi  |        2|  0|   0|    0|    25|   64|     1|         1600|
    |replica2_distance_m_U   |execute_replica_dfYi  |        2|  0|   0|    0|    25|   64|     1|         1600|
    |replica3_distance_m_U   |execute_replica_dfYi  |        2|  0|   0|    0|    25|   64|     1|         1600|
    |replica4_distance_m_U   |execute_replica_dfYi  |        2|  0|   0|    0|    25|   64|     1|         1600|
    |replica5_distance_m_U   |execute_replica_dfYi  |        2|  0|   0|    0|    25|   64|     1|         1600|
    |replica6_distance_m_U   |execute_replica_dfYi  |        2|  0|   0|    0|    25|   64|     1|         1600|
    |replica7_distance_m_U   |execute_replica_dfYi  |        2|  0|   0|    0|    25|   64|     1|         1600|
    |replica8_distance_m_U   |execute_replica_dfYi  |        2|  0|   0|    0|    25|   64|     1|         1600|
    |replica9_distance_m_U   |execute_replica_dfYi  |        2|  0|   0|    0|    25|   64|     1|         1600|
    |replica10_distance_s_U  |execute_replica_dfYi  |        2|  0|   0|    0|    25|   64|     1|         1600|
    |replica11_distance_s_U  |execute_replica_dfYi  |        2|  0|   0|    0|    25|   64|     1|         1600|
    |replica12_distance_s_U  |execute_replica_dfYi  |        2|  0|   0|    0|    25|   64|     1|         1600|
    |replica13_distance_s_U  |execute_replica_dfYi  |        2|  0|   0|    0|    25|   64|     1|         1600|
    |replica14_distance_s_U  |execute_replica_dfYi  |        2|  0|   0|    0|    25|   64|     1|         1600|
    |replica15_distance_s_U  |execute_replica_dfYi  |        2|  0|   0|    0|    25|   64|     1|         1600|
    |replica16_distance_s_U  |execute_replica_dfYi  |        2|  0|   0|    0|    25|   64|     1|         1600|
    |replica17_distance_s_U  |execute_replica_dfYi  |        2|  0|   0|    0|    25|   64|     1|         1600|
    |replica18_distance_s_U  |execute_replica_dfYi  |        2|  0|   0|    0|    25|   64|     1|         1600|
    |replica19_distance_s_U  |execute_replica_dfYi  |        2|  0|   0|    0|    25|   64|     1|         1600|
    +------------------------+----------------------+---------+---+----+-----+------+-----+------+-------------+
    |Total                   |                      |       60|  0|   0|    0|  1000| 1300|    40|        32500|
    +------------------------+----------------------+---------+---+----+-----+------+-----+------+-------------+

    * FIFO: 
    N/A

    * Expression: 
    +-----------------------------------+----------+-------+---+----+------------+------------+
    |           Variable Name           | Operation| DSP48E| FF| LUT| Bitwidth P0| Bitwidth P1|
    +-----------------------------------+----------+-------+---+----+------------+------------+
    |add_ln294_1_fu_2394_p2             |     +    |      0|  0|   4|           3|           1|
    |add_ln294_2_fu_2426_p2             |     +    |      0|  0|   4|           3|           1|
    |add_ln294_3_fu_2454_p2             |     +    |      0|  0|   4|           3|           1|
    |add_ln294_4_fu_2388_p2             |     +    |      0|  0|   6|           6|           6|
    |add_ln294_5_fu_2404_p2             |     +    |      0|  0|   6|           6|           6|
    |add_ln294_6_fu_2448_p2             |     +    |      0|  0|   6|           6|           6|
    |add_ln294_7_fu_2464_p2             |     +    |      0|  0|   6|           6|           6|
    |add_ln294_fu_2366_p2               |     +    |      0|  0|   4|           3|           1|
    |add_ln295_1_fu_2514_p2             |     +    |      0|  0|   4|           3|           1|
    |add_ln295_2_fu_2546_p2             |     +    |      0|  0|   4|           3|           1|
    |add_ln295_3_fu_2574_p2             |     +    |      0|  0|   4|           3|           1|
    |add_ln295_4_fu_2508_p2             |     +    |      0|  0|   6|           6|           6|
    |add_ln295_5_fu_2524_p2             |     +    |      0|  0|   6|           6|           6|
    |add_ln295_6_fu_2568_p2             |     +    |      0|  0|   6|           6|           6|
    |add_ln295_7_fu_2584_p2             |     +    |      0|  0|   6|           6|           6|
    |add_ln295_fu_2486_p2               |     +    |      0|  0|   4|           3|           1|
    |add_ln296_1_fu_2634_p2             |     +    |      0|  0|   4|           3|           1|
    |add_ln296_2_fu_2666_p2             |     +    |      0|  0|   4|           3|           1|
    |add_ln296_3_fu_2694_p2             |     +    |      0|  0|   4|           3|           1|
    |add_ln296_4_fu_2628_p2             |     +    |      0|  0|   6|           6|           6|
    |add_ln296_5_fu_2644_p2             |     +    |      0|  0|   6|           6|           6|
    |add_ln296_6_fu_2688_p2             |     +    |      0|  0|   6|           6|           6|
    |add_ln296_7_fu_2704_p2             |     +    |      0|  0|   6|           6|           6|
    |add_ln296_fu_2606_p2               |     +    |      0|  0|   4|           3|           1|
    |add_ln297_1_fu_2754_p2             |     +    |      0|  0|   4|           3|           1|
    |add_ln297_2_fu_2786_p2             |     +    |      0|  0|   4|           3|           1|
    |add_ln297_3_fu_2814_p2             |     +    |      0|  0|   4|           3|           1|
    |add_ln297_4_fu_2748_p2             |     +    |      0|  0|   6|           6|           6|
    |add_ln297_5_fu_2764_p2             |     +    |      0|  0|   6|           6|           6|
    |add_ln297_6_fu_2808_p2             |     +    |      0|  0|   6|           6|           6|
    |add_ln297_7_fu_2824_p2             |     +    |      0|  0|   6|           6|           6|
    |add_ln297_fu_2726_p2               |     +    |      0|  0|   4|           3|           1|
    |add_ln298_1_fu_2874_p2             |     +    |      0|  0|   4|           3|           1|
    |add_ln298_2_fu_2906_p2             |     +    |      0|  0|   4|           3|           1|
    |add_ln298_3_fu_2934_p2             |     +    |      0|  0|   4|           3|           1|
    |add_ln298_4_fu_2868_p2             |     +    |      0|  0|   6|           6|           6|
    |add_ln298_5_fu_2884_p2             |     +    |      0|  0|   6|           6|           6|
    |add_ln298_6_fu_2928_p2             |     +    |      0|  0|   6|           6|           6|
    |add_ln298_7_fu_2944_p2             |     +    |      0|  0|   6|           6|           6|
    |add_ln298_fu_2846_p2               |     +    |      0|  0|   4|           3|           1|
    |add_ln299_1_fu_2994_p2             |     +    |      0|  0|   4|           3|           1|
    |add_ln299_2_fu_3026_p2             |     +    |      0|  0|   4|           3|           1|
    |add_ln299_3_fu_3054_p2             |     +    |      0|  0|   4|           3|           1|
    |add_ln299_4_fu_2988_p2             |     +    |      0|  0|   6|           6|           6|
    |add_ln299_5_fu_3004_p2             |     +    |      0|  0|   6|           6|           6|
    |add_ln299_6_fu_3048_p2             |     +    |      0|  0|   6|           6|           6|
    |add_ln299_7_fu_3064_p2             |     +    |      0|  0|   6|           6|           6|
    |add_ln299_fu_2966_p2               |     +    |      0|  0|   4|           3|           1|
    |add_ln300_1_fu_3114_p2             |     +    |      0|  0|   4|           3|           1|
    |add_ln300_2_fu_3146_p2             |     +    |      0|  0|   4|           3|           1|
    |add_ln300_3_fu_3174_p2             |     +    |      0|  0|   4|           3|           1|
    |add_ln300_4_fu_3108_p2             |     +    |      0|  0|   6|           6|           6|
    |add_ln300_5_fu_3124_p2             |     +    |      0|  0|   6|           6|           6|
    |add_ln300_6_fu_3168_p2             |     +    |      0|  0|   6|           6|           6|
    |add_ln300_7_fu_3184_p2             |     +    |      0|  0|   6|           6|           6|
    |add_ln300_fu_3086_p2               |     +    |      0|  0|   4|           3|           1|
    |add_ln301_1_fu_3234_p2             |     +    |      0|  0|   4|           3|           1|
    |add_ln301_2_fu_3266_p2             |     +    |      0|  0|   4|           3|           1|
    |add_ln301_3_fu_3294_p2             |     +    |      0|  0|   4|           3|           1|
    |add_ln301_4_fu_3228_p2             |     +    |      0|  0|   6|           6|           6|
    |add_ln301_5_fu_3244_p2             |     +    |      0|  0|   6|           6|           6|
    |add_ln301_6_fu_3288_p2             |     +    |      0|  0|   6|           6|           6|
    |add_ln301_7_fu_3304_p2             |     +    |      0|  0|   6|           6|           6|
    |add_ln301_fu_3206_p2               |     +    |      0|  0|   4|           3|           1|
    |add_ln302_1_fu_3354_p2             |     +    |      0|  0|   4|           3|           1|
    |add_ln302_2_fu_3386_p2             |     +    |      0|  0|   4|           3|           1|
    |add_ln302_3_fu_3414_p2             |     +    |      0|  0|   4|           3|           1|
    |add_ln302_4_fu_3348_p2             |     +    |      0|  0|   6|           6|           6|
    |add_ln302_5_fu_3364_p2             |     +    |      0|  0|   6|           6|           6|
    |add_ln302_6_fu_3408_p2             |     +    |      0|  0|   6|           6|           6|
    |add_ln302_7_fu_3424_p2             |     +    |      0|  0|   6|           6|           6|
    |add_ln302_fu_3326_p2               |     +    |      0|  0|   4|           3|           1|
    |add_ln303_1_fu_3474_p2             |     +    |      0|  0|   4|           3|           1|
    |add_ln303_2_fu_3506_p2             |     +    |      0|  0|   4|           3|           1|
    |add_ln303_3_fu_3534_p2             |     +    |      0|  0|   4|           3|           1|
    |add_ln303_4_fu_3468_p2             |     +    |      0|  0|   6|           6|           6|
    |add_ln303_5_fu_3484_p2             |     +    |      0|  0|   6|           6|           6|
    |add_ln303_6_fu_3528_p2             |     +    |      0|  0|   6|           6|           6|
    |add_ln303_7_fu_3544_p2             |     +    |      0|  0|   6|           6|           6|
    |add_ln303_fu_3446_p2               |     +    |      0|  0|   4|           3|           1|
    |add_ln304_1_fu_3594_p2             |     +    |      0|  0|   4|           3|           1|
    |add_ln304_2_fu_3626_p2             |     +    |      0|  0|   4|           3|           1|
    |add_ln304_3_fu_3654_p2             |     +    |      0|  0|   4|           3|           1|
    |add_ln304_4_fu_3588_p2             |     +    |      0|  0|   6|           6|           6|
    |add_ln304_5_fu_3604_p2             |     +    |      0|  0|   6|           6|           6|
    |add_ln304_6_fu_3648_p2             |     +    |      0|  0|   6|           6|           6|
    |add_ln304_7_fu_3664_p2             |     +    |      0|  0|   6|           6|           6|
    |add_ln304_fu_3566_p2               |     +    |      0|  0|   4|           3|           1|
    |add_ln305_1_fu_3714_p2             |     +    |      0|  0|   4|           3|           1|
    |add_ln305_2_fu_3746_p2             |     +    |      0|  0|   4|           3|           1|
    |add_ln305_3_fu_3774_p2             |     +    |      0|  0|   4|           3|           1|
    |add_ln305_4_fu_3708_p2             |     +    |      0|  0|   6|           6|           6|
    |add_ln305_5_fu_3724_p2             |     +    |      0|  0|   6|           6|           6|
    |add_ln305_6_fu_3768_p2             |     +    |      0|  0|   6|           6|           6|
    |add_ln305_7_fu_3784_p2             |     +    |      0|  0|   6|           6|           6|
    |add_ln305_fu_3686_p2               |     +    |      0|  0|   4|           3|           1|
    |add_ln306_1_fu_3834_p2             |     +    |      0|  0|   4|           3|           1|
    |add_ln306_2_fu_3866_p2             |     +    |      0|  0|   4|           3|           1|
    |add_ln306_3_fu_3894_p2             |     +    |      0|  0|   4|           3|           1|
    |add_ln306_4_fu_3828_p2             |     +    |      0|  0|   6|           6|           6|
    |add_ln306_5_fu_3844_p2             |     +    |      0|  0|   6|           6|           6|
    |add_ln306_6_fu_3888_p2             |     +    |      0|  0|   6|           6|           6|
    |add_ln306_7_fu_3904_p2             |     +    |      0|  0|   6|           6|           6|
    |add_ln306_fu_3806_p2               |     +    |      0|  0|   4|           3|           1|
    |add_ln307_1_fu_3954_p2             |     +    |      0|  0|   4|           3|           1|
    |add_ln307_2_fu_3986_p2             |     +    |      0|  0|   4|           3|           1|
    |add_ln307_3_fu_4014_p2             |     +    |      0|  0|   4|           3|           1|
    |add_ln307_4_fu_3948_p2             |     +    |      0|  0|   6|           6|           6|
    |add_ln307_5_fu_3964_p2             |     +    |      0|  0|   6|           6|           6|
    |add_ln307_6_fu_4008_p2             |     +    |      0|  0|   6|           6|           6|
    |add_ln307_7_fu_4024_p2             |     +    |      0|  0|   6|           6|           6|
    |add_ln307_fu_3926_p2               |     +    |      0|  0|   4|           3|           1|
    |add_ln308_1_fu_4074_p2             |     +    |      0|  0|   4|           3|           1|
    |add_ln308_2_fu_4106_p2             |     +    |      0|  0|   4|           3|           1|
    |add_ln308_3_fu_4134_p2             |     +    |      0|  0|   4|           3|           1|
    |add_ln308_4_fu_4068_p2             |     +    |      0|  0|   6|           6|           6|
    |add_ln308_5_fu_4084_p2             |     +    |      0|  0|   6|           6|           6|
    |add_ln308_6_fu_4128_p2             |     +    |      0|  0|   6|           6|           6|
    |add_ln308_7_fu_4144_p2             |     +    |      0|  0|   6|           6|           6|
    |add_ln308_fu_4046_p2               |     +    |      0|  0|   4|           3|           1|
    |add_ln309_1_fu_4194_p2             |     +    |      0|  0|   4|           3|           1|
    |add_ln309_2_fu_4226_p2             |     +    |      0|  0|   4|           3|           1|
    |add_ln309_3_fu_4254_p2             |     +    |      0|  0|   4|           3|           1|
    |add_ln309_4_fu_4188_p2             |     +    |      0|  0|   6|           6|           6|
    |add_ln309_5_fu_4204_p2             |     +    |      0|  0|   6|           6|           6|
    |add_ln309_6_fu_4248_p2             |     +    |      0|  0|   6|           6|           6|
    |add_ln309_7_fu_4264_p2             |     +    |      0|  0|   6|           6|           6|
    |add_ln309_fu_4166_p2               |     +    |      0|  0|   4|           3|           1|
    |add_ln310_1_fu_4314_p2             |     +    |      0|  0|   4|           3|           1|
    |add_ln310_2_fu_4346_p2             |     +    |      0|  0|   4|           3|           1|
    |add_ln310_3_fu_4374_p2             |     +    |      0|  0|   4|           3|           1|
    |add_ln310_4_fu_4308_p2             |     +    |      0|  0|   6|           6|           6|
    |add_ln310_5_fu_4324_p2             |     +    |      0|  0|   6|           6|           6|
    |add_ln310_6_fu_4368_p2             |     +    |      0|  0|   6|           6|           6|
    |add_ln310_7_fu_4384_p2             |     +    |      0|  0|   6|           6|           6|
    |add_ln310_fu_4286_p2               |     +    |      0|  0|   4|           3|           1|
    |add_ln311_1_fu_4434_p2             |     +    |      0|  0|   4|           3|           1|
    |add_ln311_2_fu_4466_p2             |     +    |      0|  0|   4|           3|           1|
    |add_ln311_3_fu_4494_p2             |     +    |      0|  0|   4|           3|           1|
    |add_ln311_4_fu_4428_p2             |     +    |      0|  0|   6|           6|           6|
    |add_ln311_5_fu_4444_p2             |     +    |      0|  0|   6|           6|           6|
    |add_ln311_6_fu_4488_p2             |     +    |      0|  0|   6|           6|           6|
    |add_ln311_7_fu_4504_p2             |     +    |      0|  0|   6|           6|           6|
    |add_ln311_fu_4406_p2               |     +    |      0|  0|   4|           3|           1|
    |add_ln312_1_fu_4554_p2             |     +    |      0|  0|   4|           3|           1|
    |add_ln312_2_fu_4586_p2             |     +    |      0|  0|   4|           3|           1|
    |add_ln312_3_fu_4614_p2             |     +    |      0|  0|   4|           3|           1|
    |add_ln312_4_fu_4548_p2             |     +    |      0|  0|   6|           6|           6|
    |add_ln312_5_fu_4564_p2             |     +    |      0|  0|   6|           6|           6|
    |add_ln312_6_fu_4608_p2             |     +    |      0|  0|   6|           6|           6|
    |add_ln312_7_fu_4624_p2             |     +    |      0|  0|   6|           6|           6|
    |add_ln312_fu_4526_p2               |     +    |      0|  0|   4|           3|           1|
    |add_ln313_1_fu_4674_p2             |     +    |      0|  0|   4|           3|           1|
    |add_ln313_2_fu_4706_p2             |     +    |      0|  0|   4|           3|           1|
    |add_ln313_3_fu_4734_p2             |     +    |      0|  0|   4|           3|           1|
    |add_ln313_4_fu_4668_p2             |     +    |      0|  0|   6|           6|           6|
    |add_ln313_5_fu_4684_p2             |     +    |      0|  0|   6|           6|           6|
    |add_ln313_6_fu_4728_p2             |     +    |      0|  0|   6|           6|           6|
    |add_ln313_7_fu_4744_p2             |     +    |      0|  0|   6|           6|           6|
    |add_ln313_fu_4646_p2               |     +    |      0|  0|   4|           3|           1|
    |add_ln318_1_fu_4816_p2             |     +    |      0|  0|   6|           6|           6|
    |add_ln318_fu_4794_p2               |     +    |      0|  0|   6|           6|           6|
    |i_5_fu_4832_p2                     |     +    |      0|  0|   6|           5|           1|
    |i_fu_4772_p2                       |     +    |      0|  0|   4|           3|           1|
    |j_fu_4806_p2                       |     +    |      0|  0|   4|           3|           1|
    |icmp_ln294_1_fu_2420_p2            |   icmp   |      0|  0|   9|           3|           4|
    |icmp_ln294_2_fu_2474_p2            |   icmp   |      0|  0|   9|           3|           4|
    |icmp_ln294_3_fu_2480_p2            |   icmp   |      0|  0|   9|           3|           4|
    |icmp_ln294_fu_2414_p2              |   icmp   |      0|  0|   9|           3|           4|
    |icmp_ln295_1_fu_2540_p2            |   icmp   |      0|  0|   9|           3|           4|
    |icmp_ln295_2_fu_2594_p2            |   icmp   |      0|  0|   9|           3|           4|
    |icmp_ln295_3_fu_2600_p2            |   icmp   |      0|  0|   9|           3|           4|
    |icmp_ln295_fu_2534_p2              |   icmp   |      0|  0|   9|           3|           4|
    |icmp_ln296_1_fu_2660_p2            |   icmp   |      0|  0|   9|           3|           4|
    |icmp_ln296_2_fu_2714_p2            |   icmp   |      0|  0|   9|           3|           4|
    |icmp_ln296_3_fu_2720_p2            |   icmp   |      0|  0|   9|           3|           4|
    |icmp_ln296_fu_2654_p2              |   icmp   |      0|  0|   9|           3|           4|
    |icmp_ln297_1_fu_2780_p2            |   icmp   |      0|  0|   9|           3|           4|
    |icmp_ln297_2_fu_2834_p2            |   icmp   |      0|  0|   9|           3|           4|
    |icmp_ln297_3_fu_2840_p2            |   icmp   |      0|  0|   9|           3|           4|
    |icmp_ln297_fu_2774_p2              |   icmp   |      0|  0|   9|           3|           4|
    |icmp_ln298_1_fu_2900_p2            |   icmp   |      0|  0|   9|           3|           4|
    |icmp_ln298_2_fu_2954_p2            |   icmp   |      0|  0|   9|           3|           4|
    |icmp_ln298_3_fu_2960_p2            |   icmp   |      0|  0|   9|           3|           4|
    |icmp_ln298_fu_2894_p2              |   icmp   |      0|  0|   9|           3|           4|
    |icmp_ln299_1_fu_3020_p2            |   icmp   |      0|  0|   9|           3|           4|
    |icmp_ln299_2_fu_3074_p2            |   icmp   |      0|  0|   9|           3|           4|
    |icmp_ln299_3_fu_3080_p2            |   icmp   |      0|  0|   9|           3|           4|
    |icmp_ln299_fu_3014_p2              |   icmp   |      0|  0|   9|           3|           4|
    |icmp_ln300_1_fu_3140_p2            |   icmp   |      0|  0|   9|           3|           4|
    |icmp_ln300_2_fu_3194_p2            |   icmp   |      0|  0|   9|           3|           4|
    |icmp_ln300_3_fu_3200_p2            |   icmp   |      0|  0|   9|           3|           4|
    |icmp_ln300_fu_3134_p2              |   icmp   |      0|  0|   9|           3|           4|
    |icmp_ln301_1_fu_3260_p2            |   icmp   |      0|  0|   9|           3|           4|
    |icmp_ln301_2_fu_3314_p2            |   icmp   |      0|  0|   9|           3|           4|
    |icmp_ln301_3_fu_3320_p2            |   icmp   |      0|  0|   9|           3|           4|
    |icmp_ln301_fu_3254_p2              |   icmp   |      0|  0|   9|           3|           4|
    |icmp_ln302_1_fu_3380_p2            |   icmp   |      0|  0|   9|           3|           4|
    |icmp_ln302_2_fu_3434_p2            |   icmp   |      0|  0|   9|           3|           4|
    |icmp_ln302_3_fu_3440_p2            |   icmp   |      0|  0|   9|           3|           4|
    |icmp_ln302_fu_3374_p2              |   icmp   |      0|  0|   9|           3|           4|
    |icmp_ln303_1_fu_3500_p2            |   icmp   |      0|  0|   9|           3|           4|
    |icmp_ln303_2_fu_3554_p2            |   icmp   |      0|  0|   9|           3|           4|
    |icmp_ln303_3_fu_3560_p2            |   icmp   |      0|  0|   9|           3|           4|
    |icmp_ln303_fu_3494_p2              |   icmp   |      0|  0|   9|           3|           4|
    |icmp_ln304_1_fu_3620_p2            |   icmp   |      0|  0|   9|           3|           4|
    |icmp_ln304_2_fu_3674_p2            |   icmp   |      0|  0|   9|           3|           4|
    |icmp_ln304_3_fu_3680_p2            |   icmp   |      0|  0|   9|           3|           4|
    |icmp_ln304_fu_3614_p2              |   icmp   |      0|  0|   9|           3|           4|
    |icmp_ln305_1_fu_3740_p2            |   icmp   |      0|  0|   9|           3|           4|
    |icmp_ln305_2_fu_3794_p2            |   icmp   |      0|  0|   9|           3|           4|
    |icmp_ln305_3_fu_3800_p2            |   icmp   |      0|  0|   9|           3|           4|
    |icmp_ln305_fu_3734_p2              |   icmp   |      0|  0|   9|           3|           4|
    |icmp_ln306_1_fu_3860_p2            |   icmp   |      0|  0|   9|           3|           4|
    |icmp_ln306_2_fu_3914_p2            |   icmp   |      0|  0|   9|           3|           4|
    |icmp_ln306_3_fu_3920_p2            |   icmp   |      0|  0|   9|           3|           4|
    |icmp_ln306_fu_3854_p2              |   icmp   |      0|  0|   9|           3|           4|
    |icmp_ln307_1_fu_3980_p2            |   icmp   |      0|  0|   9|           3|           4|
    |icmp_ln307_2_fu_4034_p2            |   icmp   |      0|  0|   9|           3|           4|
    |icmp_ln307_3_fu_4040_p2            |   icmp   |      0|  0|   9|           3|           4|
    |icmp_ln307_fu_3974_p2              |   icmp   |      0|  0|   9|           3|           4|
    |icmp_ln308_1_fu_4100_p2            |   icmp   |      0|  0|   9|           3|           4|
    |icmp_ln308_2_fu_4154_p2            |   icmp   |      0|  0|   9|           3|           4|
    |icmp_ln308_3_fu_4160_p2            |   icmp   |      0|  0|   9|           3|           4|
    |icmp_ln308_fu_4094_p2              |   icmp   |      0|  0|   9|           3|           4|
    |icmp_ln309_1_fu_4220_p2            |   icmp   |      0|  0|   9|           3|           4|
    |icmp_ln309_2_fu_4274_p2            |   icmp   |      0|  0|   9|           3|           4|
    |icmp_ln309_3_fu_4280_p2            |   icmp   |      0|  0|   9|           3|           4|
    |icmp_ln309_fu_4214_p2              |   icmp   |      0|  0|   9|           3|           4|
    |icmp_ln310_1_fu_4340_p2            |   icmp   |      0|  0|   9|           3|           4|
    |icmp_ln310_2_fu_4394_p2            |   icmp   |      0|  0|   9|           3|           4|
    |icmp_ln310_3_fu_4400_p2            |   icmp   |      0|  0|   9|           3|           4|
    |icmp_ln310_fu_4334_p2              |   icmp   |      0|  0|   9|           3|           4|
    |icmp_ln311_1_fu_4460_p2            |   icmp   |      0|  0|   9|           3|           4|
    |icmp_ln311_2_fu_4514_p2            |   icmp   |      0|  0|   9|           3|           4|
    |icmp_ln311_3_fu_4520_p2            |   icmp   |      0|  0|   9|           3|           4|
    |icmp_ln311_fu_4454_p2              |   icmp   |      0|  0|   9|           3|           4|
    |icmp_ln312_1_fu_4580_p2            |   icmp   |      0|  0|   9|           3|           4|
    |icmp_ln312_2_fu_4634_p2            |   icmp   |      0|  0|   9|           3|           4|
    |icmp_ln312_3_fu_4640_p2            |   icmp   |      0|  0|   9|           3|           4|
    |icmp_ln312_fu_4574_p2              |   icmp   |      0|  0|   9|           3|           4|
    |icmp_ln313_1_fu_4700_p2            |   icmp   |      0|  0|   9|           3|           4|
    |icmp_ln313_2_fu_4754_p2            |   icmp   |      0|  0|   9|           3|           4|
    |icmp_ln313_3_fu_4760_p2            |   icmp   |      0|  0|   9|           3|           4|
    |icmp_ln313_fu_4694_p2              |   icmp   |      0|  0|   9|           3|           4|
    |icmp_ln316_fu_4766_p2              |   icmp   |      0|  0|   9|           3|           3|
    |icmp_ln317_fu_4800_p2              |   icmp   |      0|  0|   9|           3|           3|
    |icmp_ln342_fu_4826_p2              |   icmp   |      0|  0|  11|           5|           5|
    |ap_block_state147_on_subcall_done  |    or    |      0|  0|   2|           1|           1|
    +-----------------------------------+----------+-------+---+----+------------+------------+
    |Total                              |          |      0|  0|1577|         995|         907|
    +-----------------------------------+----------+-------+---+----+------------+------------+

    * Multiplexer: 
    +-----------------------------------------------------+-----+-----------+-----+-----------+
    |                         Name                        | LUT | Input Size| Bits| Total Bits|
    +-----------------------------------------------------+-----+-----------+-----+-----------+
    |ap_NS_fsm                                            |  657|        148|    1|        148|
    |best_energy_o                                        |   15|          3|   64|        192|
    |best_energy_o_ap_vld                                 |   15|          3|    1|          3|
    |best_qubit_matrix_ce0                                |    9|          2|    1|          2|
    |best_qubit_matrix_we0                                |    9|          2|    1|          2|
    |grp_replace_best_matrix_fu_2336_qubit_matrix_q0      |  101|         21|    1|         21|
    |grp_replica_exchange_fu_2297_replica1_beta_read      |   97|         20|   64|       1280|
    |grp_replica_exchange_fu_2297_replica1_energy_rea     |   15|          3|   64|        192|
    |grp_replica_exchange_fu_2297_replica1_qubit_matr_q0  |   97|         20|    1|         20|
    |grp_replica_exchange_fu_2297_replica2_beta_read      |   97|         20|   64|       1280|
    |grp_replica_exchange_fu_2297_replica2_energy_rea     |   97|         20|   64|       1280|
    |grp_replica_exchange_fu_2297_replica2_qubit_matr_q0  |   97|         20|    1|         20|
    |i1_0_reg_2181                                        |    9|          2|    5|         10|
    |i_0_reg_2159                                         |    9|          2|    3|          6|
    |j_0_reg_2170                                         |    9|          2|    3|          6|
    |p_beta_address0                                      |  101|         21|    5|        105|
    |phi_ln294_1_reg_1251                                 |    9|          2|    3|          6|
    |phi_ln294_2_reg_1262                                 |    9|          2|    3|          6|
    |phi_ln294_3_reg_1274                                 |    9|          2|    3|          6|
    |phi_ln294_reg_1239                                   |    9|          2|    3|          6|
    |phi_ln295_1_reg_1297                                 |    9|          2|    3|          6|
    |phi_ln295_2_reg_1308                                 |    9|          2|    3|          6|
    |phi_ln295_3_reg_1320                                 |    9|          2|    3|          6|
    |phi_ln295_reg_1285                                   |    9|          2|    3|          6|
    |phi_ln296_1_reg_1343                                 |    9|          2|    3|          6|
    |phi_ln296_2_reg_1354                                 |    9|          2|    3|          6|
    |phi_ln296_3_reg_1366                                 |    9|          2|    3|          6|
    |phi_ln296_reg_1331                                   |    9|          2|    3|          6|
    |phi_ln297_1_reg_1389                                 |    9|          2|    3|          6|
    |phi_ln297_2_reg_1400                                 |    9|          2|    3|          6|
    |phi_ln297_3_reg_1412                                 |    9|          2|    3|          6|
    |phi_ln297_reg_1377                                   |    9|          2|    3|          6|
    |phi_ln298_1_reg_1435                                 |    9|          2|    3|          6|
    |phi_ln298_2_reg_1446                                 |    9|          2|    3|          6|
    |phi_ln298_3_reg_1458                                 |    9|          2|    3|          6|
    |phi_ln298_reg_1423                                   |    9|          2|    3|          6|
    |phi_ln299_1_reg_1481                                 |    9|          2|    3|          6|
    |phi_ln299_2_reg_1492                                 |    9|          2|    3|          6|
    |phi_ln299_3_reg_1504                                 |    9|          2|    3|          6|
    |phi_ln299_reg_1469                                   |    9|          2|    3|          6|
    |phi_ln300_1_reg_1527                                 |    9|          2|    3|          6|
    |phi_ln300_2_reg_1538                                 |    9|          2|    3|          6|
    |phi_ln300_3_reg_1550                                 |    9|          2|    3|          6|
    |phi_ln300_reg_1515                                   |    9|          2|    3|          6|
    |phi_ln301_1_reg_1573                                 |    9|          2|    3|          6|
    |phi_ln301_2_reg_1584                                 |    9|          2|    3|          6|
    |phi_ln301_3_reg_1596                                 |    9|          2|    3|          6|
    |phi_ln301_reg_1561                                   |    9|          2|    3|          6|
    |phi_ln302_1_reg_1619                                 |    9|          2|    3|          6|
    |phi_ln302_2_reg_1630                                 |    9|          2|    3|          6|
    |phi_ln302_3_reg_1642                                 |    9|          2|    3|          6|
    |phi_ln302_reg_1607                                   |    9|          2|    3|          6|
    |phi_ln303_1_reg_1665                                 |    9|          2|    3|          6|
    |phi_ln303_2_reg_1676                                 |    9|          2|    3|          6|
    |phi_ln303_3_reg_1688                                 |    9|          2|    3|          6|
    |phi_ln303_reg_1653                                   |    9|          2|    3|          6|
    |phi_ln304_1_reg_1711                                 |    9|          2|    3|          6|
    |phi_ln304_2_reg_1722                                 |    9|          2|    3|          6|
    |phi_ln304_3_reg_1734                                 |    9|          2|    3|          6|
    |phi_ln304_reg_1699                                   |    9|          2|    3|          6|
    |phi_ln305_1_reg_1757                                 |    9|          2|    3|          6|
    |phi_ln305_2_reg_1768                                 |    9|          2|    3|          6|
    |phi_ln305_3_reg_1780                                 |    9|          2|    3|          6|
    |phi_ln305_reg_1745                                   |    9|          2|    3|          6|
    |phi_ln306_1_reg_1803                                 |    9|          2|    3|          6|
    |phi_ln306_2_reg_1814                                 |    9|          2|    3|          6|
    |phi_ln306_3_reg_1826                                 |    9|          2|    3|          6|
    |phi_ln306_reg_1791                                   |    9|          2|    3|          6|
    |phi_ln307_1_reg_1849                                 |    9|          2|    3|          6|
    |phi_ln307_2_reg_1860                                 |    9|          2|    3|          6|
    |phi_ln307_3_reg_1872                                 |    9|          2|    3|          6|
    |phi_ln307_reg_1837                                   |    9|          2|    3|          6|
    |phi_ln308_1_reg_1895                                 |    9|          2|    3|          6|
    |phi_ln308_2_reg_1906                                 |    9|          2|    3|          6|
    |phi_ln308_3_reg_1918                                 |    9|          2|    3|          6|
    |phi_ln308_reg_1883                                   |    9|          2|    3|          6|
    |phi_ln309_1_reg_1941                                 |    9|          2|    3|          6|
    |phi_ln309_2_reg_1952                                 |    9|          2|    3|          6|
    |phi_ln309_3_reg_1964                                 |    9|          2|    3|          6|
    |phi_ln309_reg_1929                                   |    9|          2|    3|          6|
    |phi_ln310_1_reg_1987                                 |    9|          2|    3|          6|
    |phi_ln310_2_reg_1998                                 |    9|          2|    3|          6|
    |phi_ln310_3_reg_2010                                 |    9|          2|    3|          6|
    |phi_ln310_reg_1975                                   |    9|          2|    3|          6|
    |phi_ln311_1_reg_2033                                 |    9|          2|    3|          6|
    |phi_ln311_2_reg_2044                                 |    9|          2|    3|          6|
    |phi_ln311_3_reg_2056                                 |    9|          2|    3|          6|
    |phi_ln311_reg_2021                                   |    9|          2|    3|          6|
    |phi_ln312_1_reg_2079                                 |    9|          2|    3|          6|
    |phi_ln312_2_reg_2090                                 |    9|          2|    3|          6|
    |phi_ln312_3_reg_2102                                 |    9|          2|    3|          6|
    |phi_ln312_reg_2067                                   |    9|          2|    3|          6|
    |phi_ln313_1_reg_2125                                 |    9|          2|    3|          6|
    |phi_ln313_2_reg_2136                                 |    9|          2|    3|          6|
    |phi_ln313_3_reg_2148                                 |    9|          2|    3|          6|
    |phi_ln313_reg_2113                                   |    9|          2|    3|          6|
    |replica0_distance_m_address0                         |   21|          4|    5|         20|
    |replica0_distance_m_ce0                              |   15|          3|    1|          3|
    |replica0_distance_m_d0                               |   15|          3|   64|        192|
    |replica0_qubit_matr_address0                         |   27|          5|    5|         25|
    |replica0_qubit_matr_ce0                              |   27|          5|    1|          5|
    |replica0_qubit_matr_ce1                              |    9|          2|    1|          2|
    |replica0_qubit_matr_d0                               |   15|          3|    1|          3|
    |replica0_qubit_matr_we0                              |   15|          3|    1|          3|
    |replica0_qubit_matr_we1                              |    9|          2|    1|          2|
    |replica10_distance_s_address0                        |   21|          4|    5|         20|
    |replica10_distance_s_ce0                             |   15|          3|    1|          3|
    |replica10_distance_s_d0                              |   15|          3|   64|        192|
    |replica10_qubit_mat_address0                         |   33|          6|    5|         30|
    |replica10_qubit_mat_ce0                              |   33|          6|    1|          6|
    |replica10_qubit_mat_ce1                              |    9|          2|    1|          2|
    |replica10_qubit_mat_d0                               |   21|          4|    1|          4|
    |replica10_qubit_mat_we0                              |   21|          4|    1|          4|
    |replica10_qubit_mat_we1                              |    9|          2|    1|          2|
    |replica11_distance_s_address0                        |   21|          4|    5|         20|
    |replica11_distance_s_ce0                             |   15|          3|    1|          3|
    |replica11_distance_s_d0                              |   15|          3|   64|        192|
    |replica11_qubit_mat_address0                         |   33|          6|    5|         30|
    |replica11_qubit_mat_ce0                              |   33|          6|    1|          6|
    |replica11_qubit_mat_ce1                              |    9|          2|    1|          2|
    |replica11_qubit_mat_d0                               |   21|          4|    1|          4|
    |replica11_qubit_mat_we0                              |   21|          4|    1|          4|
    |replica11_qubit_mat_we1                              |    9|          2|    1|          2|
    |replica12_distance_s_address0                        |   21|          4|    5|         20|
    |replica12_distance_s_ce0                             |   15|          3|    1|          3|
    |replica12_distance_s_d0                              |   15|          3|   64|        192|
    |replica12_qubit_mat_address0                         |   33|          6|    5|         30|
    |replica12_qubit_mat_ce0                              |   33|          6|    1|          6|
    |replica12_qubit_mat_ce1                              |    9|          2|    1|          2|
    |replica12_qubit_mat_d0                               |   21|          4|    1|          4|
    |replica12_qubit_mat_we0                              |   21|          4|    1|          4|
    |replica12_qubit_mat_we1                              |    9|          2|    1|          2|
    |replica13_distance_s_address0                        |   21|          4|    5|         20|
    |replica13_distance_s_ce0                             |   15|          3|    1|          3|
    |replica13_distance_s_d0                              |   15|          3|   64|        192|
    |replica13_qubit_mat_address0                         |   33|          6|    5|         30|
    |replica13_qubit_mat_ce0                              |   33|          6|    1|          6|
    |replica13_qubit_mat_ce1                              |    9|          2|    1|          2|
    |replica13_qubit_mat_d0                               |   21|          4|    1|          4|
    |replica13_qubit_mat_we0                              |   21|          4|    1|          4|
    |replica13_qubit_mat_we1                              |    9|          2|    1|          2|
    |replica14_distance_s_address0                        |   21|          4|    5|         20|
    |replica14_distance_s_ce0                             |   15|          3|    1|          3|
    |replica14_distance_s_d0                              |   15|          3|   64|        192|
    |replica14_qubit_mat_address0                         |   33|          6|    5|         30|
    |replica14_qubit_mat_ce0                              |   33|          6|    1|          6|
    |replica14_qubit_mat_ce1                              |    9|          2|    1|          2|
    |replica14_qubit_mat_d0                               |   21|          4|    1|          4|
    |replica14_qubit_mat_we0                              |   21|          4|    1|          4|
    |replica14_qubit_mat_we1                              |    9|          2|    1|          2|
    |replica15_distance_s_address0                        |   21|          4|    5|         20|
    |replica15_distance_s_ce0                             |   15|          3|    1|          3|
    |replica15_distance_s_d0                              |   15|          3|   64|        192|
    |replica15_qubit_mat_address0                         |   33|          6|    5|         30|
    |replica15_qubit_mat_ce0                              |   33|          6|    1|          6|
    |replica15_qubit_mat_ce1                              |    9|          2|    1|          2|
    |replica15_qubit_mat_d0                               |   21|          4|    1|          4|
    |replica15_qubit_mat_we0                              |   21|          4|    1|          4|
    |replica15_qubit_mat_we1                              |    9|          2|    1|          2|
    |replica16_distance_s_address0                        |   21|          4|    5|         20|
    |replica16_distance_s_ce0                             |   15|          3|    1|          3|
    |replica16_distance_s_d0                              |   15|          3|   64|        192|
    |replica16_qubit_mat_address0                         |   33|          6|    5|         30|
    |replica16_qubit_mat_ce0                              |   33|          6|    1|          6|
    |replica16_qubit_mat_ce1                              |    9|          2|    1|          2|
    |replica16_qubit_mat_d0                               |   21|          4|    1|          4|
    |replica16_qubit_mat_we0                              |   21|          4|    1|          4|
    |replica16_qubit_mat_we1                              |    9|          2|    1|          2|
    |replica17_distance_s_address0                        |   21|          4|    5|         20|
    |replica17_distance_s_ce0                             |   15|          3|    1|          3|
    |replica17_distance_s_d0                              |   15|          3|   64|        192|
    |replica17_qubit_mat_address0                         |   33|          6|    5|         30|
    |replica17_qubit_mat_ce0                              |   33|          6|    1|          6|
    |replica17_qubit_mat_ce1                              |    9|          2|    1|          2|
    |replica17_qubit_mat_d0                               |   21|          4|    1|          4|
    |replica17_qubit_mat_we0                              |   21|          4|    1|          4|
    |replica17_qubit_mat_we1                              |    9|          2|    1|          2|
    |replica18_distance_s_address0                        |   21|          4|    5|         20|
    |replica18_distance_s_ce0                             |   15|          3|    1|          3|
    |replica18_distance_s_d0                              |   15|          3|   64|        192|
    |replica18_qubit_mat_address0                         |   33|          6|    5|         30|
    |replica18_qubit_mat_ce0                              |   33|          6|    1|          6|
    |replica18_qubit_mat_ce1                              |    9|          2|    1|          2|
    |replica18_qubit_mat_d0                               |   21|          4|    1|          4|
    |replica18_qubit_mat_we0                              |   21|          4|    1|          4|
    |replica18_qubit_mat_we1                              |    9|          2|    1|          2|
    |replica19_distance_s_address0                        |   21|          4|    5|         20|
    |replica19_distance_s_ce0                             |   15|          3|    1|          3|
    |replica19_distance_s_d0                              |   15|          3|   64|        192|
    |replica19_qubit_mat_address0                         |   27|          5|    5|         25|
    |replica19_qubit_mat_ce0                              |   27|          5|    1|          5|
    |replica19_qubit_mat_ce1                              |    9|          2|    1|          2|
    |replica19_qubit_mat_d0                               |   15|          3|    1|          3|
    |replica19_qubit_mat_we0                              |   15|          3|    1|          3|
    |replica19_qubit_mat_we1                              |    9|          2|    1|          2|
    |replica1_distance_m_address0                         |   21|          4|    5|         20|
    |replica1_distance_m_ce0                              |   15|          3|    1|          3|
    |replica1_distance_m_d0                               |   15|          3|   64|        192|
    |replica1_qubit_matr_address0                         |   33|          6|    5|         30|
    |replica1_qubit_matr_ce0                              |   33|          6|    1|          6|
    |replica1_qubit_matr_ce1                              |    9|          2|    1|          2|
    |replica1_qubit_matr_d0                               |   21|          4|    1|          4|
    |replica1_qubit_matr_we0                              |   21|          4|    1|          4|
    |replica1_qubit_matr_we1                              |    9|          2|    1|          2|
    |replica2_distance_m_address0                         |   21|          4|    5|         20|
    |replica2_distance_m_ce0                              |   15|          3|    1|          3|
    |replica2_distance_m_d0                               |   15|          3|   64|        192|
    |replica2_qubit_matr_address0                         |   33|          6|    5|         30|
    |replica2_qubit_matr_ce0                              |   33|          6|    1|          6|
    |replica2_qubit_matr_ce1                              |    9|          2|    1|          2|
    |replica2_qubit_matr_d0                               |   21|          4|    1|          4|
    |replica2_qubit_matr_we0                              |   21|          4|    1|          4|
    |replica2_qubit_matr_we1                              |    9|          2|    1|          2|
    |replica3_distance_m_address0                         |   21|          4|    5|         20|
    |replica3_distance_m_ce0                              |   15|          3|    1|          3|
    |replica3_distance_m_d0                               |   15|          3|   64|        192|
    |replica3_qubit_matr_address0                         |   33|          6|    5|         30|
    |replica3_qubit_matr_ce0                              |   33|          6|    1|          6|
    |replica3_qubit_matr_ce1                              |    9|          2|    1|          2|
    |replica3_qubit_matr_d0                               |   21|          4|    1|          4|
    |replica3_qubit_matr_we0                              |   21|          4|    1|          4|
    |replica3_qubit_matr_we1                              |    9|          2|    1|          2|
    |replica4_distance_m_address0                         |   21|          4|    5|         20|
    |replica4_distance_m_ce0                              |   15|          3|    1|          3|
    |replica4_distance_m_d0                               |   15|          3|   64|        192|
    |replica4_qubit_matr_address0                         |   33|          6|    5|         30|
    |replica4_qubit_matr_ce0                              |   33|          6|    1|          6|
    |replica4_qubit_matr_ce1                              |    9|          2|    1|          2|
    |replica4_qubit_matr_d0                               |   21|          4|    1|          4|
    |replica4_qubit_matr_we0                              |   21|          4|    1|          4|
    |replica4_qubit_matr_we1                              |    9|          2|    1|          2|
    |replica5_distance_m_address0                         |   21|          4|    5|         20|
    |replica5_distance_m_ce0                              |   15|          3|    1|          3|
    |replica5_distance_m_d0                               |   15|          3|   64|        192|
    |replica5_qubit_matr_address0                         |   33|          6|    5|         30|
    |replica5_qubit_matr_ce0                              |   33|          6|    1|          6|
    |replica5_qubit_matr_ce1                              |    9|          2|    1|          2|
    |replica5_qubit_matr_d0                               |   21|          4|    1|          4|
    |replica5_qubit_matr_we0                              |   21|          4|    1|          4|
    |replica5_qubit_matr_we1                              |    9|          2|    1|          2|
    |replica6_distance_m_address0                         |   21|          4|    5|         20|
    |replica6_distance_m_ce0                              |   15|          3|    1|          3|
    |replica6_distance_m_d0                               |   15|          3|   64|        192|
    |replica6_qubit_matr_address0                         |   33|          6|    5|         30|
    |replica6_qubit_matr_ce0                              |   33|          6|    1|          6|
    |replica6_qubit_matr_ce1                              |    9|          2|    1|          2|
    |replica6_qubit_matr_d0                               |   21|          4|    1|          4|
    |replica6_qubit_matr_we0                              |   21|          4|    1|          4|
    |replica6_qubit_matr_we1                              |    9|          2|    1|          2|
    |replica7_distance_m_address0                         |   21|          4|    5|         20|
    |replica7_distance_m_ce0                              |   15|          3|    1|          3|
    |replica7_distance_m_d0                               |   15|          3|   64|        192|
    |replica7_qubit_matr_address0                         |   33|          6|    5|         30|
    |replica7_qubit_matr_ce0                              |   33|          6|    1|          6|
    |replica7_qubit_matr_ce1                              |    9|          2|    1|          2|
    |replica7_qubit_matr_d0                               |   21|          4|    1|          4|
    |replica7_qubit_matr_we0                              |   21|          4|    1|          4|
    |replica7_qubit_matr_we1                              |    9|          2|    1|          2|
    |replica8_distance_m_address0                         |   21|          4|    5|         20|
    |replica8_distance_m_ce0                              |   15|          3|    1|          3|
    |replica8_distance_m_d0                               |   15|          3|   64|        192|
    |replica8_qubit_matr_address0                         |   33|          6|    5|         30|
    |replica8_qubit_matr_ce0                              |   33|          6|    1|          6|
    |replica8_qubit_matr_ce1                              |    9|          2|    1|          2|
    |replica8_qubit_matr_d0                               |   21|          4|    1|          4|
    |replica8_qubit_matr_we0                              |   21|          4|    1|          4|
    |replica8_qubit_matr_we1                              |    9|          2|    1|          2|
    |replica9_distance_m_address0                         |   21|          4|    5|         20|
    |replica9_distance_m_ce0                              |   15|          3|    1|          3|
    |replica9_distance_m_d0                               |   15|          3|   64|        192|
    |replica9_qubit_matr_address0                         |   33|          6|    5|         30|
    |replica9_qubit_matr_ce0                              |   33|          6|    1|          6|
    |replica9_qubit_matr_ce1                              |    9|          2|    1|          2|
    |replica9_qubit_matr_d0                               |   21|          4|    1|          4|
    |replica9_qubit_matr_we0                              |   21|          4|    1|          4|
    |replica9_qubit_matr_we1                              |    9|          2|    1|          2|
    +-----------------------------------------------------+-----+-----------+-----+-----------+
    |Total                                                | 5646|       1141| 2183|      10291|
    +-----------------------------------------------------+-----+-----------+-----+-----------+

    * Register: 
    +-----------------------------------------------+-----+----+-----+-----------+
    |                      Name                     |  FF | LUT| Bits| Const Bits|
    +-----------------------------------------------+-----+----+-----+-----------+
    |add_ln294_2_reg_4956                           |    3|   0|    3|          0|
    |add_ln294_4_reg_4940                           |    6|   0|    6|          0|
    |add_ln294_6_reg_4961                           |    6|   0|    6|          0|
    |add_ln294_reg_4935                             |    3|   0|    3|          0|
    |add_ln295_2_reg_5010                           |    3|   0|    3|          0|
    |add_ln295_4_reg_4994                           |    6|   0|    6|          0|
    |add_ln295_6_reg_5015                           |    6|   0|    6|          0|
    |add_ln295_reg_4989                             |    3|   0|    3|          0|
    |add_ln296_2_reg_5064                           |    3|   0|    3|          0|
    |add_ln296_4_reg_5048                           |    6|   0|    6|          0|
    |add_ln296_6_reg_5069                           |    6|   0|    6|          0|
    |add_ln296_reg_5043                             |    3|   0|    3|          0|
    |add_ln297_2_reg_5118                           |    3|   0|    3|          0|
    |add_ln297_4_reg_5102                           |    6|   0|    6|          0|
    |add_ln297_6_reg_5123                           |    6|   0|    6|          0|
    |add_ln297_reg_5097                             |    3|   0|    3|          0|
    |add_ln298_2_reg_5172                           |    3|   0|    3|          0|
    |add_ln298_4_reg_5156                           |    6|   0|    6|          0|
    |add_ln298_6_reg_5177                           |    6|   0|    6|          0|
    |add_ln298_reg_5151                             |    3|   0|    3|          0|
    |add_ln299_2_reg_5226                           |    3|   0|    3|          0|
    |add_ln299_4_reg_5210                           |    6|   0|    6|          0|
    |add_ln299_6_reg_5231                           |    6|   0|    6|          0|
    |add_ln299_reg_5205                             |    3|   0|    3|          0|
    |add_ln300_2_reg_5280                           |    3|   0|    3|          0|
    |add_ln300_4_reg_5264                           |    6|   0|    6|          0|
    |add_ln300_6_reg_5285                           |    6|   0|    6|          0|
    |add_ln300_reg_5259                             |    3|   0|    3|          0|
    |add_ln301_2_reg_5334                           |    3|   0|    3|          0|
    |add_ln301_4_reg_5318                           |    6|   0|    6|          0|
    |add_ln301_6_reg_5339                           |    6|   0|    6|          0|
    |add_ln301_reg_5313                             |    3|   0|    3|          0|
    |add_ln302_2_reg_5388                           |    3|   0|    3|          0|
    |add_ln302_4_reg_5372                           |    6|   0|    6|          0|
    |add_ln302_6_reg_5393                           |    6|   0|    6|          0|
    |add_ln302_reg_5367                             |    3|   0|    3|          0|
    |add_ln303_2_reg_5442                           |    3|   0|    3|          0|
    |add_ln303_4_reg_5426                           |    6|   0|    6|          0|
    |add_ln303_6_reg_5447                           |    6|   0|    6|          0|
    |add_ln303_reg_5421                             |    3|   0|    3|          0|
    |add_ln304_2_reg_5496                           |    3|   0|    3|          0|
    |add_ln304_4_reg_5480                           |    6|   0|    6|          0|
    |add_ln304_6_reg_5501                           |    6|   0|    6|          0|
    |add_ln304_reg_5475                             |    3|   0|    3|          0|
    |add_ln305_2_reg_5550                           |    3|   0|    3|          0|
    |add_ln305_4_reg_5534                           |    6|   0|    6|          0|
    |add_ln305_6_reg_5555                           |    6|   0|    6|          0|
    |add_ln305_reg_5529                             |    3|   0|    3|          0|
    |add_ln306_2_reg_5604                           |    3|   0|    3|          0|
    |add_ln306_4_reg_5588                           |    6|   0|    6|          0|
    |add_ln306_6_reg_5609                           |    6|   0|    6|          0|
    |add_ln306_reg_5583                             |    3|   0|    3|          0|
    |add_ln307_2_reg_5658                           |    3|   0|    3|          0|
    |add_ln307_4_reg_5642                           |    6|   0|    6|          0|
    |add_ln307_6_reg_5663                           |    6|   0|    6|          0|
    |add_ln307_reg_5637                             |    3|   0|    3|          0|
    |add_ln308_2_reg_5712                           |    3|   0|    3|          0|
    |add_ln308_4_reg_5696                           |    6|   0|    6|          0|
    |add_ln308_6_reg_5717                           |    6|   0|    6|          0|
    |add_ln308_reg_5691                             |    3|   0|    3|          0|
    |add_ln309_2_reg_5766                           |    3|   0|    3|          0|
    |add_ln309_4_reg_5750                           |    6|   0|    6|          0|
    |add_ln309_6_reg_5771                           |    6|   0|    6|          0|
    |add_ln309_reg_5745                             |    3|   0|    3|          0|
    |add_ln310_2_reg_5820                           |    3|   0|    3|          0|
    |add_ln310_4_reg_5804                           |    6|   0|    6|          0|
    |add_ln310_6_reg_5825                           |    6|   0|    6|          0|
    |add_ln310_reg_5799                             |    3|   0|    3|          0|
    |add_ln311_2_reg_5874                           |    3|   0|    3|          0|
    |add_ln311_4_reg_5858                           |    6|   0|    6|          0|
    |add_ln311_6_reg_5879                           |    6|   0|    6|          0|
    |add_ln311_reg_5853                             |    3|   0|    3|          0|
    |add_ln312_2_reg_5928                           |    3|   0|    3|          0|
    |add_ln312_4_reg_5912                           |    6|   0|    6|          0|
    |add_ln312_6_reg_5933                           |    6|   0|    6|          0|
    |add_ln312_reg_5907                             |    3|   0|    3|          0|
    |add_ln313_2_reg_5981                           |    3|   0|    3|          0|
    |add_ln313_4_reg_5965                           |    6|   0|    6|          0|
    |add_ln313_6_reg_5986                           |    6|   0|    6|          0|
    |add_ln313_reg_5960                             |    3|   0|    3|          0|
    |add_ln318_reg_6010                             |    6|   0|    6|          0|
    |ap_CS_fsm                                      |  147|   0|  147|          0|
    |grp_execute_replica_para_fu_2192_ap_start_reg  |    1|   0|    1|          0|
    |grp_find_the_best_fu_2309_ap_start_reg         |    1|   0|    1|          0|
    |grp_replace_best_matrix_fu_2336_ap_start_reg   |    1|   0|    1|          0|
    |grp_replica_exchange_fu_2297_ap_start_reg      |    1|   0|    1|          0|
    |i1_0_reg_2181                                  |    5|   0|    5|          0|
    |i_0_reg_2159                                   |    3|   0|    3|          0|
    |i_5_reg_6055                                   |    5|   0|    5|          0|
    |i_reg_6005                                     |    3|   0|    3|          0|
    |j_0_reg_2170                                   |    3|   0|    3|          0|
    |j_reg_6018                                     |    3|   0|    3|          0|
    |phi_ln294_1_reg_1251                           |    3|   0|    3|          0|
    |phi_ln294_2_reg_1262                           |    3|   0|    3|          0|
    |phi_ln294_3_reg_1274                           |    3|   0|    3|          0|
    |phi_ln294_reg_1239                             |    3|   0|    3|          0|
    |phi_ln295_1_reg_1297                           |    3|   0|    3|          0|
    |phi_ln295_2_reg_1308                           |    3|   0|    3|          0|
    |phi_ln295_3_reg_1320                           |    3|   0|    3|          0|
    |phi_ln295_reg_1285                             |    3|   0|    3|          0|
    |phi_ln296_1_reg_1343                           |    3|   0|    3|          0|
    |phi_ln296_2_reg_1354                           |    3|   0|    3|          0|
    |phi_ln296_3_reg_1366                           |    3|   0|    3|          0|
    |phi_ln296_reg_1331                             |    3|   0|    3|          0|
    |phi_ln297_1_reg_1389                           |    3|   0|    3|          0|
    |phi_ln297_2_reg_1400                           |    3|   0|    3|          0|
    |phi_ln297_3_reg_1412                           |    3|   0|    3|          0|
    |phi_ln297_reg_1377                             |    3|   0|    3|          0|
    |phi_ln298_1_reg_1435                           |    3|   0|    3|          0|
    |phi_ln298_2_reg_1446                           |    3|   0|    3|          0|
    |phi_ln298_3_reg_1458                           |    3|   0|    3|          0|
    |phi_ln298_reg_1423                             |    3|   0|    3|          0|
    |phi_ln299_1_reg_1481                           |    3|   0|    3|          0|
    |phi_ln299_2_reg_1492                           |    3|   0|    3|          0|
    |phi_ln299_3_reg_1504                           |    3|   0|    3|          0|
    |phi_ln299_reg_1469                             |    3|   0|    3|          0|
    |phi_ln300_1_reg_1527                           |    3|   0|    3|          0|
    |phi_ln300_2_reg_1538                           |    3|   0|    3|          0|
    |phi_ln300_3_reg_1550                           |    3|   0|    3|          0|
    |phi_ln300_reg_1515                             |    3|   0|    3|          0|
    |phi_ln301_1_reg_1573                           |    3|   0|    3|          0|
    |phi_ln301_2_reg_1584                           |    3|   0|    3|          0|
    |phi_ln301_3_reg_1596                           |    3|   0|    3|          0|
    |phi_ln301_reg_1561                             |    3|   0|    3|          0|
    |phi_ln302_1_reg_1619                           |    3|   0|    3|          0|
    |phi_ln302_2_reg_1630                           |    3|   0|    3|          0|
    |phi_ln302_3_reg_1642                           |    3|   0|    3|          0|
    |phi_ln302_reg_1607                             |    3|   0|    3|          0|
    |phi_ln303_1_reg_1665                           |    3|   0|    3|          0|
    |phi_ln303_2_reg_1676                           |    3|   0|    3|          0|
    |phi_ln303_3_reg_1688                           |    3|   0|    3|          0|
    |phi_ln303_reg_1653                             |    3|   0|    3|          0|
    |phi_ln304_1_reg_1711                           |    3|   0|    3|          0|
    |phi_ln304_2_reg_1722                           |    3|   0|    3|          0|
    |phi_ln304_3_reg_1734                           |    3|   0|    3|          0|
    |phi_ln304_reg_1699                             |    3|   0|    3|          0|
    |phi_ln305_1_reg_1757                           |    3|   0|    3|          0|
    |phi_ln305_2_reg_1768                           |    3|   0|    3|          0|
    |phi_ln305_3_reg_1780                           |    3|   0|    3|          0|
    |phi_ln305_reg_1745                             |    3|   0|    3|          0|
    |phi_ln306_1_reg_1803                           |    3|   0|    3|          0|
    |phi_ln306_2_reg_1814                           |    3|   0|    3|          0|
    |phi_ln306_3_reg_1826                           |    3|   0|    3|          0|
    |phi_ln306_reg_1791                             |    3|   0|    3|          0|
    |phi_ln307_1_reg_1849                           |    3|   0|    3|          0|
    |phi_ln307_2_reg_1860                           |    3|   0|    3|          0|
    |phi_ln307_3_reg_1872                           |    3|   0|    3|          0|
    |phi_ln307_reg_1837                             |    3|   0|    3|          0|
    |phi_ln308_1_reg_1895                           |    3|   0|    3|          0|
    |phi_ln308_2_reg_1906                           |    3|   0|    3|          0|
    |phi_ln308_3_reg_1918                           |    3|   0|    3|          0|
    |phi_ln308_reg_1883                             |    3|   0|    3|          0|
    |phi_ln309_1_reg_1941                           |    3|   0|    3|          0|
    |phi_ln309_2_reg_1952                           |    3|   0|    3|          0|
    |phi_ln309_3_reg_1964                           |    3|   0|    3|          0|
    |phi_ln309_reg_1929                             |    3|   0|    3|          0|
    |phi_ln310_1_reg_1987                           |    3|   0|    3|          0|
    |phi_ln310_2_reg_1998                           |    3|   0|    3|          0|
    |phi_ln310_3_reg_2010                           |    3|   0|    3|          0|
    |phi_ln310_reg_1975                             |    3|   0|    3|          0|
    |phi_ln311_1_reg_2033                           |    3|   0|    3|          0|
    |phi_ln311_2_reg_2044                           |    3|   0|    3|          0|
    |phi_ln311_3_reg_2056                           |    3|   0|    3|          0|
    |phi_ln311_reg_2021                             |    3|   0|    3|          0|
    |phi_ln312_1_reg_2079                           |    3|   0|    3|          0|
    |phi_ln312_2_reg_2090                           |    3|   0|    3|          0|
    |phi_ln312_3_reg_2102                           |    3|   0|    3|          0|
    |phi_ln312_reg_2067                             |    3|   0|    3|          0|
    |phi_ln313_1_reg_2125                           |    3|   0|    3|          0|
    |phi_ln313_2_reg_2136                           |    3|   0|    3|          0|
    |phi_ln313_3_reg_2148                           |    3|   0|    3|          0|
    |phi_ln313_reg_2113                             |    3|   0|    3|          0|
    |reg_2360                                       |   64|   0|   64|          0|
    |replica0_beta_reg_4929                         |   64|   0|   64|          0|
    |replica0_energy_1_reg_6160                     |   64|   0|   64|          0|
    |replica0_energy_reg_6060                       |   64|   0|   64|          0|
    |replica10_beta_reg_5468                        |   64|   0|   64|          0|
    |replica10_energy_2_reg_6110                    |   64|   0|   64|          0|
    |replica10_energy_reg_6210                      |   64|   0|   64|          0|
    |replica11_beta_reg_5522                        |   64|   0|   64|          0|
    |replica11_energy_2_reg_6115                    |   64|   0|   64|          0|
    |replica11_energy_reg_6215                      |   64|   0|   64|          0|
    |replica12_beta_reg_5576                        |   64|   0|   64|          0|
    |replica12_energy_2_reg_6120                    |   64|   0|   64|          0|
    |replica12_energy_reg_6220                      |   64|   0|   64|          0|
    |replica13_beta_reg_5630                        |   64|   0|   64|          0|
    |replica13_energy_2_reg_6125                    |   64|   0|   64|          0|
    |replica13_energy_reg_6225                      |   64|   0|   64|          0|
    |replica14_beta_reg_5684                        |   64|   0|   64|          0|
    |replica14_energy_2_reg_6130                    |   64|   0|   64|          0|
    |replica14_energy_reg_6230                      |   64|   0|   64|          0|
    |replica15_beta_reg_5738                        |   64|   0|   64|          0|
    |replica15_energy_2_reg_6135                    |   64|   0|   64|          0|
    |replica15_energy_reg_6235                      |   64|   0|   64|          0|
    |replica16_beta_reg_5792                        |   64|   0|   64|          0|
    |replica16_energy_2_reg_6140                    |   64|   0|   64|          0|
    |replica16_energy_reg_6240                      |   64|   0|   64|          0|
    |replica17_beta_reg_5846                        |   64|   0|   64|          0|
    |replica17_energy_2_reg_6145                    |   64|   0|   64|          0|
    |replica17_energy_reg_6245                      |   64|   0|   64|          0|
    |replica18_beta_reg_5900                        |   64|   0|   64|          0|
    |replica18_energy_2_reg_6150                    |   64|   0|   64|          0|
    |replica18_energy_reg_6255                      |   64|   0|   64|          0|
    |replica19_beta_reg_5954                        |   64|   0|   64|          0|
    |replica19_energy_reg_6155                      |   64|   0|   64|          0|
    |replica1_beta_reg_4982                         |   64|   0|   64|          0|
    |replica1_energy_2_reg_6065                     |   64|   0|   64|          0|
    |replica1_energy_reg_6165                       |   64|   0|   64|          0|
    |replica2_beta_reg_5036                         |   64|   0|   64|          0|
    |replica2_energy_2_reg_6070                     |   64|   0|   64|          0|
    |replica2_energy_reg_6170                       |   64|   0|   64|          0|
    |replica3_beta_reg_5090                         |   64|   0|   64|          0|
    |replica3_energy_2_reg_6075                     |   64|   0|   64|          0|
    |replica3_energy_reg_6175                       |   64|   0|   64|          0|
    |replica4_beta_reg_5144                         |   64|   0|   64|          0|
    |replica4_energy_2_reg_6080                     |   64|   0|   64|          0|
    |replica4_energy_reg_6180                       |   64|   0|   64|          0|
    |replica5_beta_reg_5198                         |   64|   0|   64|          0|
    |replica5_energy_2_reg_6085                     |   64|   0|   64|          0|
    |replica5_energy_reg_6185                       |   64|   0|   64|          0|
    |replica6_beta_reg_5252                         |   64|   0|   64|          0|
    |replica6_energy_2_reg_6090                     |   64|   0|   64|          0|
    |replica6_energy_reg_6190                       |   64|   0|   64|          0|
    |replica7_beta_reg_5306                         |   64|   0|   64|          0|
    |replica7_energy_2_reg_6095                     |   64|   0|   64|          0|
    |replica7_energy_reg_6195                       |   64|   0|   64|          0|
    |replica8_beta_reg_5360                         |   64|   0|   64|          0|
    |replica8_energy_2_reg_6100                     |   64|   0|   64|          0|
    |replica8_energy_reg_6200                       |   64|   0|   64|          0|
    |replica9_beta_reg_5414                         |   64|   0|   64|          0|
    |replica9_energy_2_reg_6105                     |   64|   0|   64|          0|
    |replica9_energy_reg_6205                       |   64|   0|   64|          0|
    |wherebest_reg_6260                             |    5|   0|    5|          0|
    |zext_ln318_3_reg_6023                          |    6|   0|   64|         58|
    +-----------------------------------------------+-----+----+-----+-----------+
    |Total                                          | 4630|   0| 4688|         58|
    +-----------------------------------------------+-----+----+-----+-----------+



================================================================
== Interface
================================================================
* Summary: 
+----------------------------+-----+-----+------------+-------------------+--------------+
|          RTL Ports         | Dir | Bits|  Protocol  |   Source Object   |    C Type    |
+----------------------------+-----+-----+------------+-------------------+--------------+
|ap_clk                      |  in |    1| ap_ctrl_hs |  DigitalAnnealer  | return value |
|ap_rst                      |  in |    1| ap_ctrl_hs |  DigitalAnnealer  | return value |
|ap_start                    |  in |    1| ap_ctrl_hs |  DigitalAnnealer  | return value |
|ap_done                     | out |    1| ap_ctrl_hs |  DigitalAnnealer  | return value |
|ap_idle                     | out |    1| ap_ctrl_hs |  DigitalAnnealer  | return value |
|ap_ready                    | out |    1| ap_ctrl_hs |  DigitalAnnealer  | return value |
|A                           |  in |   64|   ap_none  |         A         |    scalar    |
|p_distance_matrix_address0  | out |    5|  ap_memory | p_distance_matrix |     array    |
|p_distance_matrix_ce0       | out |    1|  ap_memory | p_distance_matrix |     array    |
|p_distance_matrix_q0        |  in |   64|  ap_memory | p_distance_matrix |     array    |
|p_beta_address0             | out |    5|  ap_memory |       p_beta      |     array    |
|p_beta_ce0                  | out |    1|  ap_memory |       p_beta      |     array    |
|p_beta_q0                   |  in |   64|  ap_memory |       p_beta      |     array    |
|best_qubit_matrix_address0  | out |    5|  ap_memory | best_qubit_matrix |     array    |
|best_qubit_matrix_ce0       | out |    1|  ap_memory | best_qubit_matrix |     array    |
|best_qubit_matrix_we0       | out |    1|  ap_memory | best_qubit_matrix |     array    |
|best_qubit_matrix_d0        | out |    1|  ap_memory | best_qubit_matrix |     array    |
|best_energy_i               |  in |   64|   ap_ovld  |    best_energy    |    pointer   |
|best_energy_o               | out |   64|   ap_ovld  |    best_energy    |    pointer   |
|best_energy_o_ap_vld        | out |    1|   ap_ovld  |    best_energy    |    pointer   |
+----------------------------+-----+-----+------------+-------------------+--------------+

