

================================================================
== Vivado HLS Report for 'dnn_hw'
================================================================
* Date:           Thu Jan 21 20:27:40 2021

* Version:        2019.2 (Build 2704478 on Wed Nov 06 22:10:23 MST 2019)
* Project:        finalwrapup_hls
* Solution:       solution1
* Product family: zynq
* Target device:  xc7z020-clg400-1


================================================================
== Performance Estimates
================================================================
+ Timing: 
    * Summary: 
    +--------+----------+----------+------------+
    |  Clock |  Target  | Estimated| Uncertainty|
    +--------+----------+----------+------------+
    |ap_clk  | 10.00 ns | 8.685 ns |   1.25 ns  |
    +--------+----------+----------+------------+

+ Latency: 
    * Summary: 
    +---------+---------+-----------+-----------+-----+---------+---------+
    |  Latency (cycles) |   Latency (absolute)  |    Interval   | Pipeline|
    |   min   |   max   |    min    |    max    | min |   max   |   Type  |
    +---------+---------+-----------+-----------+-----+---------+---------+
    |        2|  5720553| 20.000 ns | 57.206 ms |    2|  5720553|   none  |
    +---------+---------+-----------+-----------+-----+---------+---------+

    + Detail: 
        * Instance: 
        +--------------------------+----------------+---------+---------+----------+-----------+-----+---------+---------+
        |                          |                |  Latency (cycles) |  Latency (absolute)  |    Interval   | Pipeline|
        |         Instance         |     Module     |   min   |   max   |    min   |    max    | min |   max   |   Type  |
        +--------------------------+----------------+---------+---------+----------+-----------+-----+---------+---------+
        |grp_pool_hw_fu_38         |pool_hw         |      236|     7013| 2.360 us | 70.130 us |  236|     7013|   none  |
        |grp_convolution_hw_fu_46  |convolution_hw  |      374|  5720551| 3.740 us | 57.206 ms |  374|  5720551|   none  |
        +--------------------------+----------------+---------+---------+----------+-----------+-----+---------+---------+

        * Loop: 
        N/A



================================================================
== Utilization Estimates
================================================================
* Summary: 
+-----------------+---------+-------+--------+-------+-----+
|       Name      | BRAM_18K| DSP48E|   FF   |  LUT  | URAM|
+-----------------+---------+-------+--------+-------+-----+
|DSP              |        -|      -|       -|      -|    -|
|Expression       |        -|      -|       0|     44|    -|
|FIFO             |        -|      -|       -|      -|    -|
|Instance         |      288|     10|   17622|  43177|    0|
|Memory           |        -|      -|       -|      -|    -|
|Multiplexer      |        -|      -|       -|     90|    -|
|Register         |        -|      -|       7|      -|    -|
+-----------------+---------+-------+--------+-------+-----+
|Total            |      288|     10|   17629|  43311|    0|
+-----------------+---------+-------+--------+-------+-----+
|Available        |      280|    220|  106400|  53200|    0|
+-----------------+---------+-------+--------+-------+-----+
|Utilization (%)  |      102|      4|      16|     81|    0|
+-----------------+---------+-------+--------+-------+-----+

+ Detail: 
    * Instance: 
    +--------------------------+----------------+---------+-------+-------+-------+-----+
    |         Instance         |     Module     | BRAM_18K| DSP48E|   FF  |  LUT  | URAM|
    +--------------------------+----------------+---------+-------+-------+-------+-----+
    |grp_convolution_hw_fu_46  |convolution_hw  |      160|     10|  13144|  23710|    0|
    |grp_pool_hw_fu_38         |pool_hw         |      128|      0|   4478|  19467|    0|
    +--------------------------+----------------+---------+-------+-------+-------+-----+
    |Total                     |                |      288|     10|  17622|  43177|    0|
    +--------------------------+----------------+---------+-------+-------+-------+-----+

    * DSP48E: 
    N/A

    * Memory: 
    N/A

    * FIFO: 
    N/A

    * Expression: 
    +--------------------------------------+----------+-------+---+----+------------+------------+
    |             Variable Name            | Operation| DSP48E| FF| LUT| Bitwidth P0| Bitwidth P1|
    +--------------------------------------+----------+-------+---+----+------------+------------+
    |ap_block_state2_on_subcall_done       |    and   |      0|  0|   2|           1|           1|
    |grp_convolution_hw_fu_46_cofm_TREADY  |    and   |      0|  0|   2|           1|           1|
    |grp_pool_hw_fu_38_cofm_TREADY         |    and   |      0|  0|   2|           1|           1|
    |icmp_ln735_fu_56_p2                   |   icmp   |      0|  0|  18|          32|           1|
    |icmp_ln738_fu_62_p2                   |   icmp   |      0|  0|  18|          32|           1|
    |ap_block_state1                       |    or    |      0|  0|   2|           1|           1|
    +--------------------------------------+----------+-------+---+----+------------+------------+
    |Total                                 |          |      0|  0|  44|          68|           6|
    +--------------------------------------+----------+-------+---+----+------------+------------+

    * Multiplexer: 
    +----------------------+----+-----------+-----+-----------+
    |         Name         | LUT| Input Size| Bits| Total Bits|
    +----------------------+----+-----------+-----+-----------+
    |ap_NS_fsm             |  27|          5|    1|          5|
    |cifm_TREADY_int       |  15|          3|    1|          3|
    |cofm_TDATA_int        |  15|          3|  512|       1536|
    |cofm_TVALID_int       |  15|          3|    1|          3|
    |config_r_TDATA_blk_n  |   9|          2|    1|          2|
    |tran_wgt_TREADY_int   |   9|          2|    1|          2|
    +----------------------+----+-----------+-----+-----------+
    |Total                 |  90|         18|  517|       1551|
    +----------------------+----+-----------+-----+-----------+

    * Register: 
    +---------------------------------------+---+----+-----+-----------+
    |                  Name                 | FF| LUT| Bits| Const Bits|
    +---------------------------------------+---+----+-----+-----------+
    |ap_CS_fsm                              |  4|   0|    4|          0|
    |grp_convolution_hw_fu_46_ap_start_reg  |  1|   0|    1|          0|
    |grp_pool_hw_fu_38_ap_start_reg         |  1|   0|    1|          0|
    |icmp_ln738_reg_71                      |  1|   0|    1|          0|
    +---------------------------------------+---+----+-----+-----------+
    |Total                                  |  7|   0|    7|          0|
    +---------------------------------------+---+----+-----+-----------+



================================================================
== Interface
================================================================
* Summary: 
+-----------------+-----+-----+------------+--------------+--------------+
|    RTL Ports    | Dir | Bits|  Protocol  | Source Object|    C Type    |
+-----------------+-----+-----+------------+--------------+--------------+
|ap_clk           |  in |    1| ap_ctrl_hs |    dnn_hw    | return value |
|ap_rst_n         |  in |    1| ap_ctrl_hs |    dnn_hw    | return value |
|ap_start         |  in |    1| ap_ctrl_hs |    dnn_hw    | return value |
|ap_done          | out |    1| ap_ctrl_hs |    dnn_hw    | return value |
|ap_idle          | out |    1| ap_ctrl_hs |    dnn_hw    | return value |
|ap_ready         | out |    1| ap_ctrl_hs |    dnn_hw    | return value |
|cifm_TDATA       |  in |  512|    axis    |     cifm     |    pointer   |
|cifm_TVALID      |  in |    1|    axis    |     cifm     |    pointer   |
|cifm_TREADY      | out |    1|    axis    |     cifm     |    pointer   |
|cofm_TDATA       | out |  512|    axis    |     cofm     |    pointer   |
|cofm_TVALID      | out |    1|    axis    |     cofm     |    pointer   |
|cofm_TREADY      |  in |    1|    axis    |     cofm     |    pointer   |
|tran_wgt_TDATA   |  in |  512|    axis    |   tran_wgt   |    pointer   |
|tran_wgt_TVALID  |  in |    1|    axis    |   tran_wgt   |    pointer   |
|tran_wgt_TREADY  | out |    1|    axis    |   tran_wgt   |    pointer   |
|config_r_TDATA   |  in |   32|    axis    |   config_r   |    pointer   |
|config_r_TVALID  |  in |    1|    axis    |   config_r   |    pointer   |
|config_r_TREADY  | out |    1|    axis    |   config_r   |    pointer   |
+-----------------+-----+-----+------------+--------------+--------------+

